2026-05-21 09:26:57,872 ERROR frappe New Exception collected in error log
Site: site1.local
Form Dict: {'message': 'Generate client script to hide create when workflow is rejected', 'conversation_id': 'uusddkjfn7', 'cmd': 'ai_bot.api.chat.ask'}
2026-05-21 09:27:48,814 ERROR frappe New Exception collected in error log
Site: site1.local
Form Dict: {'message': 'open client script', 'conversation_id': 'uusddkjfn7', 'cmd': 'ai_bot.api.chat.ask'}
2026-05-21 10:08:17,346 ERROR frappe Could not take error snapshot: 'NoneType' object has no attribute 'get'
Site: site1.local
Form Dict: {}
Traceback (most recent call last):
  File "/home/frappe/tejas/apps/frappe/frappe/app.py", line 105, in application
    init_request(request)
    ~~~~~~~~~~~~^^^^^^^^^
  File "/home/frappe/tejas/apps/frappe/frappe/app.py", line 184, in init_request
    frappe.init(site=site, sites_path=_sites_path, force=True)
    ~~~~~~~~~~~^^^^^^^^^^^^^^^^^^^^^^^^^^^^^^^^^^^^^^^^^^^^^^^
  File "/home/frappe/tejas/apps/frappe/frappe/__init__.py", line 264, in init
    setup_module_map(include_all_apps=not (frappe.request or frappe.job or frappe.flags.in_migrate))
    ~~~~~~~~~~~~~~~~^^^^^^^^^^^^^^^^^^^^^^^^^^^^^^^^^^^^^^^^^^^^^^^^^^^^^^^^^^^^^^^^^^^^^^^^^^^^^^^^
  File "/home/frappe/tejas/apps/frappe/frappe/__init__.py", line 1676, in setup_module_map
    for module in get_module_list(app):
                  ~~~~~~~~~~~~~~~^^^^^
  File "/home/frappe/tejas/apps/frappe/frappe/__init__.py", line 1524, in get_module_list
    return get_file_items(get_app_path(app_name, "modules.txt"))
                          ~~~~~~~~~~~~^^^^^^^^^^^^^^^^^^^^^^^^^
  File "/home/frappe/tejas/apps/frappe/frappe/__init__.py", line 1489, in get_app_path
    return get_pymodule_path(app_name, *joins)
  File "/home/frappe/tejas/apps/frappe/frappe/__init__.py", line 1519, in get_pymodule_path
    return abspath(join(dirname(get_module(scrub(modulename)).__file__ or ""), *joins))
                                ~~~~~~~~~~^^^^^^^^^^^^^^^^^^^
  File "/home/frappe/tejas/apps/frappe/frappe/__init__.py", line 1460, in get_module
    return importlib.import_module(modulename)
           ~~~~~~~~~~~~~~~~~~~~~~~^^^^^^^^^^^^
  File "/home/frappe/.local/share/uv/python/cpython-3.14.3-linux-x86_64-gnu/lib/python3.14/importlib/__init__.py", line 88, in import_module
    return _bootstrap._gcd_import(name[level:], package, level)
           ~~~~~~~~~~~~~~~~~~~~~~^^^^^^^^^^^^^^^^^^^^^^^^^^^^^^
  File "<frozen importlib._bootstrap>", line 1398, in _gcd_import
  File "<frozen importlib._bootstrap>", line 1371, in _find_and_load
  File "<frozen importlib._bootstrap>", line 1335, in _find_and_load_unlocked
ModuleNotFoundError: No module named 'ai_resume_parser'

During handling of the above exception, another exception occurred:

Traceback (most recent call last):
  File "/home/frappe/tejas/apps/frappe/frappe/utils/error.py", line 86, in log_error_snapshot
    log_error(title=str(exception), defer_insert=True)
    ~~~~~~~~~^^^^^^^^^^^^^^^^^^^^^^^^^^^^^^^^^^^^^^^^^
  File "/home/frappe/tejas/apps/frappe/frappe/utils/error.py", line 61, in log_error
    error_log = frappe.get_doc(
    	doctype="Error Log",
    ...<4 lines>...
    	trace_id=trace_id,
    )
  File "/home/frappe/tejas/apps/frappe/frappe/__init__.py", line 1314, in get_doc
    return frappe.model.document.get_doc(*args, **kwargs)
           ~~~~~~~~~~~~~~~~~~~~~~~~~~~~~^^^^^^^^^^^^^^^^^
  File "/home/frappe/tejas/apps/frappe/frappe/model/document.py", line 83, in get_doc
    controller = get_controller(doctype)
  File "/home/frappe/tejas/apps/frappe/frappe/model/base_document.py", line 67, in get_controller
    return import_controller(doctype)
  File "/home/frappe/tejas/apps/frappe/frappe/model/base_document.py", line 96, in import_controller
    module = load_doctype_module(doctype, module_name)
  File "/home/frappe/tejas/apps/frappe/frappe/modules/utils.py", line 276, in load_doctype_module
    app = get_module_app(module)
  File "/home/frappe/tejas/apps/frappe/frappe/modules/utils.py", line 299, in get_module_app
    app = frappe.local.module_app.get(scrub(module))
          ^^^^^^^^^^^^^^^^^^^^^^^^^^^
AttributeError: 'NoneType' object has no attribute 'get'
2026-05-21 10:08:19,730 ERROR frappe Could not take error snapshot: 'NoneType' object has no attribute 'get'
Site: site1.local
Form Dict: {}
Traceback (most recent call last):
  File "/home/frappe/tejas/apps/frappe/frappe/app.py", line 105, in application
    init_request(request)
    ~~~~~~~~~~~~^^^^^^^^^
  File "/home/frappe/tejas/apps/frappe/frappe/app.py", line 184, in init_request
    frappe.init(site=site, sites_path=_sites_path, force=True)
    ~~~~~~~~~~~^^^^^^^^^^^^^^^^^^^^^^^^^^^^^^^^^^^^^^^^^^^^^^^
  File "/home/frappe/tejas/apps/frappe/frappe/__init__.py", line 264, in init
    setup_module_map(include_all_apps=not (frappe.request or frappe.job or frappe.flags.in_migrate))
    ~~~~~~~~~~~~~~~~^^^^^^^^^^^^^^^^^^^^^^^^^^^^^^^^^^^^^^^^^^^^^^^^^^^^^^^^^^^^^^^^^^^^^^^^^^^^^^^^
  File "/home/frappe/tejas/apps/frappe/frappe/__init__.py", line 1676, in setup_module_map
    for module in get_module_list(app):
                  ~~~~~~~~~~~~~~~^^^^^
  File "/home/frappe/tejas/apps/frappe/frappe/__init__.py", line 1524, in get_module_list
    return get_file_items(get_app_path(app_name, "modules.txt"))
                          ~~~~~~~~~~~~^^^^^^^^^^^^^^^^^^^^^^^^^
  File "/home/frappe/tejas/apps/frappe/frappe/__init__.py", line 1489, in get_app_path
    return get_pymodule_path(app_name, *joins)
  File "/home/frappe/tejas/apps/frappe/frappe/__init__.py", line 1519, in get_pymodule_path
    return abspath(join(dirname(get_module(scrub(modulename)).__file__ or ""), *joins))
                                ~~~~~~~~~~^^^^^^^^^^^^^^^^^^^
  File "/home/frappe/tejas/apps/frappe/frappe/__init__.py", line 1460, in get_module
    return importlib.import_module(modulename)
           ~~~~~~~~~~~~~~~~~~~~~~~^^^^^^^^^^^^
  File "/home/frappe/.local/share/uv/python/cpython-3.14.3-linux-x86_64-gnu/lib/python3.14/importlib/__init__.py", line 88, in import_module
    return _bootstrap._gcd_import(name[level:], package, level)
           ~~~~~~~~~~~~~~~~~~~~~~^^^^^^^^^^^^^^^^^^^^^^^^^^^^^^
  File "<frozen importlib._bootstrap>", line 1398, in _gcd_import
  File "<frozen importlib._bootstrap>", line 1371, in _find_and_load
  File "<frozen importlib._bootstrap>", line 1335, in _find_and_load_unlocked
ModuleNotFoundError: No module named 'ai_resume_parser'

During handling of the above exception, another exception occurred:

Traceback (most recent call last):
  File "/home/frappe/tejas/apps/frappe/frappe/utils/error.py", line 86, in log_error_snapshot
    log_error(title=str(exception), defer_insert=True)
    ~~~~~~~~~^^^^^^^^^^^^^^^^^^^^^^^^^^^^^^^^^^^^^^^^^
  File "/home/frappe/tejas/apps/frappe/frappe/utils/error.py", line 61, in log_error
    error_log = frappe.get_doc(
    	doctype="Error Log",
    ...<4 lines>...
    	trace_id=trace_id,
    )
  File "/home/frappe/tejas/apps/frappe/frappe/__init__.py", line 1314, in get_doc
    return frappe.model.document.get_doc(*args, **kwargs)
           ~~~~~~~~~~~~~~~~~~~~~~~~~~~~~^^^^^^^^^^^^^^^^^
  File "/home/frappe/tejas/apps/frappe/frappe/model/document.py", line 83, in get_doc
    controller = get_controller(doctype)
  File "/home/frappe/tejas/apps/frappe/frappe/model/base_document.py", line 67, in get_controller
    return import_controller(doctype)
  File "/home/frappe/tejas/apps/frappe/frappe/model/base_document.py", line 96, in import_controller
    module = load_doctype_module(doctype, module_name)
  File "/home/frappe/tejas/apps/frappe/frappe/modules/utils.py", line 276, in load_doctype_module
    app = get_module_app(module)
  File "/home/frappe/tejas/apps/frappe/frappe/modules/utils.py", line 299, in get_module_app
    app = frappe.local.module_app.get(scrub(module))
          ^^^^^^^^^^^^^^^^^^^^^^^^^^^
AttributeError: 'NoneType' object has no attribute 'get'
2026-05-21 10:08:25,777 ERROR frappe Could not take error snapshot: 'NoneType' object has no attribute 'get'
Site: site1.local
Form Dict: {}
Traceback (most recent call last):
  File "/home/frappe/tejas/apps/frappe/frappe/app.py", line 105, in application
    init_request(request)
    ~~~~~~~~~~~~^^^^^^^^^
  File "/home/frappe/tejas/apps/frappe/frappe/app.py", line 184, in init_request
    frappe.init(site=site, sites_path=_sites_path, force=True)
    ~~~~~~~~~~~^^^^^^^^^^^^^^^^^^^^^^^^^^^^^^^^^^^^^^^^^^^^^^^
  File "/home/frappe/tejas/apps/frappe/frappe/__init__.py", line 264, in init
    setup_module_map(include_all_apps=not (frappe.request or frappe.job or frappe.flags.in_migrate))
    ~~~~~~~~~~~~~~~~^^^^^^^^^^^^^^^^^^^^^^^^^^^^^^^^^^^^^^^^^^^^^^^^^^^^^^^^^^^^^^^^^^^^^^^^^^^^^^^^
  File "/home/frappe/tejas/apps/frappe/frappe/__init__.py", line 1676, in setup_module_map
    for module in get_module_list(app):
                  ~~~~~~~~~~~~~~~^^^^^
  File "/home/frappe/tejas/apps/frappe/frappe/__init__.py", line 1524, in get_module_list
    return get_file_items(get_app_path(app_name, "modules.txt"))
                          ~~~~~~~~~~~~^^^^^^^^^^^^^^^^^^^^^^^^^
  File "/home/frappe/tejas/apps/frappe/frappe/__init__.py", line 1489, in get_app_path
    return get_pymodule_path(app_name, *joins)
  File "/home/frappe/tejas/apps/frappe/frappe/__init__.py", line 1519, in get_pymodule_path
    return abspath(join(dirname(get_module(scrub(modulename)).__file__ or ""), *joins))
                                ~~~~~~~~~~^^^^^^^^^^^^^^^^^^^
  File "/home/frappe/tejas/apps/frappe/frappe/__init__.py", line 1460, in get_module
    return importlib.import_module(modulename)
           ~~~~~~~~~~~~~~~~~~~~~~~^^^^^^^^^^^^
  File "/home/frappe/.local/share/uv/python/cpython-3.14.3-linux-x86_64-gnu/lib/python3.14/importlib/__init__.py", line 88, in import_module
    return _bootstrap._gcd_import(name[level:], package, level)
           ~~~~~~~~~~~~~~~~~~~~~~^^^^^^^^^^^^^^^^^^^^^^^^^^^^^^
  File "<frozen importlib._bootstrap>", line 1398, in _gcd_import
  File "<frozen importlib._bootstrap>", line 1371, in _find_and_load
  File "<frozen importlib._bootstrap>", line 1335, in _find_and_load_unlocked
ModuleNotFoundError: No module named 'ai_resume_parser'

During handling of the above exception, another exception occurred:

Traceback (most recent call last):
  File "/home/frappe/tejas/apps/frappe/frappe/utils/error.py", line 86, in log_error_snapshot
    log_error(title=str(exception), defer_insert=True)
    ~~~~~~~~~^^^^^^^^^^^^^^^^^^^^^^^^^^^^^^^^^^^^^^^^^
  File "/home/frappe/tejas/apps/frappe/frappe/utils/error.py", line 61, in log_error
    error_log = frappe.get_doc(
    	doctype="Error Log",
    ...<4 lines>...
    	trace_id=trace_id,
    )
  File "/home/frappe/tejas/apps/frappe/frappe/__init__.py", line 1314, in get_doc
    return frappe.model.document.get_doc(*args, **kwargs)
           ~~~~~~~~~~~~~~~~~~~~~~~~~~~~~^^^^^^^^^^^^^^^^^
  File "/home/frappe/tejas/apps/frappe/frappe/model/document.py", line 83, in get_doc
    controller = get_controller(doctype)
  File "/home/frappe/tejas/apps/frappe/frappe/model/base_document.py", line 67, in get_controller
    return import_controller(doctype)
  File "/home/frappe/tejas/apps/frappe/frappe/model/base_document.py", line 96, in import_controller
    module = load_doctype_module(doctype, module_name)
  File "/home/frappe/tejas/apps/frappe/frappe/modules/utils.py", line 276, in load_doctype_module
    app = get_module_app(module)
  File "/home/frappe/tejas/apps/frappe/frappe/modules/utils.py", line 299, in get_module_app
    app = frappe.local.module_app.get(scrub(module))
          ^^^^^^^^^^^^^^^^^^^^^^^^^^^
AttributeError: 'NoneType' object has no attribute 'get'
2026-05-21 10:08:26,016 ERROR frappe Could not take error snapshot: 'NoneType' object has no attribute 'get'
Site: site1.local
Form Dict: {}
Traceback (most recent call last):
  File "/home/frappe/tejas/apps/frappe/frappe/app.py", line 105, in application
    init_request(request)
    ~~~~~~~~~~~~^^^^^^^^^
  File "/home/frappe/tejas/apps/frappe/frappe/app.py", line 184, in init_request
    frappe.init(site=site, sites_path=_sites_path, force=True)
    ~~~~~~~~~~~^^^^^^^^^^^^^^^^^^^^^^^^^^^^^^^^^^^^^^^^^^^^^^^
  File "/home/frappe/tejas/apps/frappe/frappe/__init__.py", line 264, in init
    setup_module_map(include_all_apps=not (frappe.request or frappe.job or frappe.flags.in_migrate))
    ~~~~~~~~~~~~~~~~^^^^^^^^^^^^^^^^^^^^^^^^^^^^^^^^^^^^^^^^^^^^^^^^^^^^^^^^^^^^^^^^^^^^^^^^^^^^^^^^
  File "/home/frappe/tejas/apps/frappe/frappe/__init__.py", line 1676, in setup_module_map
    for module in get_module_list(app):
                  ~~~~~~~~~~~~~~~^^^^^
  File "/home/frappe/tejas/apps/frappe/frappe/__init__.py", line 1524, in get_module_list
    return get_file_items(get_app_path(app_name, "modules.txt"))
                          ~~~~~~~~~~~~^^^^^^^^^^^^^^^^^^^^^^^^^
  File "/home/frappe/tejas/apps/frappe/frappe/__init__.py", line 1489, in get_app_path
    return get_pymodule_path(app_name, *joins)
  File "/home/frappe/tejas/apps/frappe/frappe/__init__.py", line 1519, in get_pymodule_path
    return abspath(join(dirname(get_module(scrub(modulename)).__file__ or ""), *joins))
                                ~~~~~~~~~~^^^^^^^^^^^^^^^^^^^
  File "/home/frappe/tejas/apps/frappe/frappe/__init__.py", line 1460, in get_module
    return importlib.import_module(modulename)
           ~~~~~~~~~~~~~~~~~~~~~~~^^^^^^^^^^^^
  File "/home/frappe/.local/share/uv/python/cpython-3.14.3-linux-x86_64-gnu/lib/python3.14/importlib/__init__.py", line 88, in import_module
    return _bootstrap._gcd_import(name[level:], package, level)
           ~~~~~~~~~~~~~~~~~~~~~~^^^^^^^^^^^^^^^^^^^^^^^^^^^^^^
  File "<frozen importlib._bootstrap>", line 1398, in _gcd_import
  File "<frozen importlib._bootstrap>", line 1371, in _find_and_load
  File "<frozen importlib._bootstrap>", line 1335, in _find_and_load_unlocked
ModuleNotFoundError: No module named 'ai_resume_parser'

During handling of the above exception, another exception occurred:

Traceback (most recent call last):
  File "/home/frappe/tejas/apps/frappe/frappe/utils/error.py", line 86, in log_error_snapshot
    log_error(title=str(exception), defer_insert=True)
    ~~~~~~~~~^^^^^^^^^^^^^^^^^^^^^^^^^^^^^^^^^^^^^^^^^
  File "/home/frappe/tejas/apps/frappe/frappe/utils/error.py", line 61, in log_error
    error_log = frappe.get_doc(
    	doctype="Error Log",
    ...<4 lines>...
    	trace_id=trace_id,
    )
  File "/home/frappe/tejas/apps/frappe/frappe/__init__.py", line 1314, in get_doc
    return frappe.model.document.get_doc(*args, **kwargs)
           ~~~~~~~~~~~~~~~~~~~~~~~~~~~~~^^^^^^^^^^^^^^^^^
  File "/home/frappe/tejas/apps/frappe/frappe/model/document.py", line 83, in get_doc
    controller = get_controller(doctype)
  File "/home/frappe/tejas/apps/frappe/frappe/model/base_document.py", line 67, in get_controller
    return import_controller(doctype)
  File "/home/frappe/tejas/apps/frappe/frappe/model/base_document.py", line 96, in import_controller
    module = load_doctype_module(doctype, module_name)
  File "/home/frappe/tejas/apps/frappe/frappe/modules/utils.py", line 276, in load_doctype_module
    app = get_module_app(module)
  File "/home/frappe/tejas/apps/frappe/frappe/modules/utils.py", line 299, in get_module_app
    app = frappe.local.module_app.get(scrub(module))
          ^^^^^^^^^^^^^^^^^^^^^^^^^^^
AttributeError: 'NoneType' object has no attribute 'get'
2026-06-20 06:25:52,351 ERROR frappe Could not take error snapshot: No module named 'sales_tracking'
Site: site1.local
Form Dict: {}
Traceback (most recent call last):
  File "/home/frappe/tejas/apps/frappe/frappe/app.py", line 105, in application
    init_request(request)
    ~~~~~~~~~~~~^^^^^^^^^
  File "/home/frappe/tejas/apps/frappe/frappe/app.py", line 184, in init_request
    frappe.init(site=site, sites_path=_sites_path, force=True)
    ~~~~~~~~~~~^^^^^^^^^^^^^^^^^^^^^^^^^^^^^^^^^^^^^^^^^^^^^^^
  File "/home/frappe/tejas/apps/frappe/frappe/__init__.py", line 264, in init
    setup_module_map(include_all_apps=not (frappe.request or frappe.job or frappe.flags.in_migrate))
    ~~~~~~~~~~~~~~~~^^^^^^^^^^^^^^^^^^^^^^^^^^^^^^^^^^^^^^^^^^^^^^^^^^^^^^^^^^^^^^^^^^^^^^^^^^^^^^^^
  File "/home/frappe/tejas/apps/frappe/frappe/__init__.py", line 1676, in setup_module_map
    for module in get_module_list(app):
                  ~~~~~~~~~~~~~~~^^^^^
  File "/home/frappe/tejas/apps/frappe/frappe/__init__.py", line 1524, in get_module_list
    return get_file_items(get_app_path(app_name, "modules.txt"))
                          ~~~~~~~~~~~~^^^^^^^^^^^^^^^^^^^^^^^^^
  File "/home/frappe/tejas/apps/frappe/frappe/__init__.py", line 1489, in get_app_path
    return get_pymodule_path(app_name, *joins)
  File "/home/frappe/tejas/apps/frappe/frappe/__init__.py", line 1519, in get_pymodule_path
    return abspath(join(dirname(get_module(scrub(modulename)).__file__ or ""), *joins))
                                ~~~~~~~~~~^^^^^^^^^^^^^^^^^^^
  File "/home/frappe/tejas/apps/frappe/frappe/__init__.py", line 1460, in get_module
    return importlib.import_module(modulename)
           ~~~~~~~~~~~~~~~~~~~~~~~^^^^^^^^^^^^
  File "/home/frappe/.local/share/uv/python/cpython-3.14.3-linux-x86_64-gnu/lib/python3.14/importlib/__init__.py", line 88, in import_module
    return _bootstrap._gcd_import(name[level:], package, level)
           ~~~~~~~~~~~~~~~~~~~~~~^^^^^^^^^^^^^^^^^^^^^^^^^^^^^^
  File "<frozen importlib._bootstrap>", line 1398, in _gcd_import
  File "<frozen importlib._bootstrap>", line 1371, in _find_and_load
  File "<frozen importlib._bootstrap>", line 1335, in _find_and_load_unlocked
ModuleNotFoundError: No module named 'sales_tracking'

During handling of the above exception, another exception occurred:

Traceback (most recent call last):
  File "/home/frappe/tejas/apps/frappe/frappe/utils/error.py", line 86, in log_error_snapshot
    log_error(title=str(exception), defer_insert=True)
    ~~~~~~~~~^^^^^^^^^^^^^^^^^^^^^^^^^^^^^^^^^^^^^^^^^
  File "/home/frappe/tejas/apps/frappe/frappe/utils/error.py", line 61, in log_error
    error_log = frappe.get_doc(
    	doctype="Error Log",
    ...<4 lines>...
    	trace_id=trace_id,
    )
  File "/home/frappe/tejas/apps/frappe/frappe/__init__.py", line 1314, in get_doc
    return frappe.model.document.get_doc(*args, **kwargs)
           ~~~~~~~~~~~~~~~~~~~~~~~~~~~~~^^^^^^^^^^^^^^^^^
  File "/home/frappe/tejas/apps/frappe/frappe/model/document.py", line 83, in get_doc
    controller = get_controller(doctype)
  File "/home/frappe/tejas/apps/frappe/frappe/model/base_document.py", line 67, in get_controller
    return import_controller(doctype)
  File "/home/frappe/tejas/apps/frappe/frappe/model/base_document.py", line 89, in import_controller
    class_overrides = frappe.get_hooks("override_doctype_class")
  File "/home/frappe/tejas/apps/frappe/frappe/__init__.py", line 1625, in get_hooks
    hooks = _dict(_load_app_hooks())
                  ~~~~~~~~~~~~~~~^^
  File "/home/frappe/tejas/apps/frappe/frappe/utils/caching.py", line 47, in wrapper
    return func(*args, **kwargs)
  File "/home/frappe/tejas/apps/frappe/frappe/__init__.py", line 1594, in _load_app_hooks
    app_hooks = get_module(f"{app}.hooks")
  File "/home/frappe/tejas/apps/frappe/frappe/__init__.py", line 1460, in get_module
    return importlib.import_module(modulename)
           ~~~~~~~~~~~~~~~~~~~~~~~^^^^^^^^^^^^
  File "/home/frappe/.local/share/uv/python/cpython-3.14.3-linux-x86_64-gnu/lib/python3.14/importlib/__init__.py", line 88, in import_module
    return _bootstrap._gcd_import(name[level:], package, level)
           ~~~~~~~~~~~~~~~~~~~~~~^^^^^^^^^^^^^^^^^^^^^^^^^^^^^^
  File "<frozen importlib._bootstrap>", line 1398, in _gcd_import
  File "<frozen importlib._bootstrap>", line 1371, in _find_and_load
  File "<frozen importlib._bootstrap>", line 1314, in _find_and_load_unlocked
  File "<frozen importlib._bootstrap>", line 491, in _call_with_frames_removed
  File "<frozen importlib._bootstrap>", line 1398, in _gcd_import
  File "<frozen importlib._bootstrap>", line 1371, in _find_and_load
  File "<frozen importlib._bootstrap>", line 1335, in _find_and_load_unlocked
ModuleNotFoundError: No module named 'sales_tracking'
2026-06-20 06:25:52,409 ERROR frappe Could not take error snapshot: No module named 'sales_tracking'
Site: site1.local
Form Dict: {}
Traceback (most recent call last):
  File "/home/frappe/tejas/apps/frappe/frappe/app.py", line 105, in application
    init_request(request)
    ~~~~~~~~~~~~^^^^^^^^^
  File "/home/frappe/tejas/apps/frappe/frappe/app.py", line 184, in init_request
    frappe.init(site=site, sites_path=_sites_path, force=True)
    ~~~~~~~~~~~^^^^^^^^^^^^^^^^^^^^^^^^^^^^^^^^^^^^^^^^^^^^^^^
  File "/home/frappe/tejas/apps/frappe/frappe/__init__.py", line 264, in init
    setup_module_map(include_all_apps=not (frappe.request or frappe.job or frappe.flags.in_migrate))
    ~~~~~~~~~~~~~~~~^^^^^^^^^^^^^^^^^^^^^^^^^^^^^^^^^^^^^^^^^^^^^^^^^^^^^^^^^^^^^^^^^^^^^^^^^^^^^^^^
  File "/home/frappe/tejas/apps/frappe/frappe/__init__.py", line 1676, in setup_module_map
    for module in get_module_list(app):
                  ~~~~~~~~~~~~~~~^^^^^
  File "/home/frappe/tejas/apps/frappe/frappe/__init__.py", line 1524, in get_module_list
    return get_file_items(get_app_path(app_name, "modules.txt"))
                          ~~~~~~~~~~~~^^^^^^^^^^^^^^^^^^^^^^^^^
  File "/home/frappe/tejas/apps/frappe/frappe/__init__.py", line 1489, in get_app_path
    return get_pymodule_path(app_name, *joins)
  File "/home/frappe/tejas/apps/frappe/frappe/__init__.py", line 1519, in get_pymodule_path
    return abspath(join(dirname(get_module(scrub(modulename)).__file__ or ""), *joins))
                                ~~~~~~~~~~^^^^^^^^^^^^^^^^^^^
  File "/home/frappe/tejas/apps/frappe/frappe/__init__.py", line 1460, in get_module
    return importlib.import_module(modulename)
           ~~~~~~~~~~~~~~~~~~~~~~~^^^^^^^^^^^^
  File "/home/frappe/.local/share/uv/python/cpython-3.14.3-linux-x86_64-gnu/lib/python3.14/importlib/__init__.py", line 88, in import_module
    return _bootstrap._gcd_import(name[level:], package, level)
           ~~~~~~~~~~~~~~~~~~~~~~^^^^^^^^^^^^^^^^^^^^^^^^^^^^^^
  File "<frozen importlib._bootstrap>", line 1398, in _gcd_import
  File "<frozen importlib._bootstrap>", line 1371, in _find_and_load
  File "<frozen importlib._bootstrap>", line 1335, in _find_and_load_unlocked
ModuleNotFoundError: No module named 'sales_tracking'

During handling of the above exception, another exception occurred:

Traceback (most recent call last):
  File "/home/frappe/tejas/apps/frappe/frappe/utils/error.py", line 86, in log_error_snapshot
    log_error(title=str(exception), defer_insert=True)
    ~~~~~~~~~^^^^^^^^^^^^^^^^^^^^^^^^^^^^^^^^^^^^^^^^^
  File "/home/frappe/tejas/apps/frappe/frappe/utils/error.py", line 61, in log_error
    error_log = frappe.get_doc(
    	doctype="Error Log",
    ...<4 lines>...
    	trace_id=trace_id,
    )
  File "/home/frappe/tejas/apps/frappe/frappe/__init__.py", line 1314, in get_doc
    return frappe.model.document.get_doc(*args, **kwargs)
           ~~~~~~~~~~~~~~~~~~~~~~~~~~~~~^^^^^^^^^^^^^^^^^
  File "/home/frappe/tejas/apps/frappe/frappe/model/document.py", line 83, in get_doc
    controller = get_controller(doctype)
  File "/home/frappe/tejas/apps/frappe/frappe/model/base_document.py", line 67, in get_controller
    return import_controller(doctype)
  File "/home/frappe/tejas/apps/frappe/frappe/model/base_document.py", line 89, in import_controller
    class_overrides = frappe.get_hooks("override_doctype_class")
  File "/home/frappe/tejas/apps/frappe/frappe/__init__.py", line 1625, in get_hooks
    hooks = _dict(_load_app_hooks())
                  ~~~~~~~~~~~~~~~^^
  File "/home/frappe/tejas/apps/frappe/frappe/utils/caching.py", line 47, in wrapper
    return func(*args, **kwargs)
  File "/home/frappe/tejas/apps/frappe/frappe/__init__.py", line 1594, in _load_app_hooks
    app_hooks = get_module(f"{app}.hooks")
  File "/home/frappe/tejas/apps/frappe/frappe/__init__.py", line 1460, in get_module
    return importlib.import_module(modulename)
           ~~~~~~~~~~~~~~~~~~~~~~~^^^^^^^^^^^^
  File "/home/frappe/.local/share/uv/python/cpython-3.14.3-linux-x86_64-gnu/lib/python3.14/importlib/__init__.py", line 88, in import_module
    return _bootstrap._gcd_import(name[level:], package, level)
           ~~~~~~~~~~~~~~~~~~~~~~^^^^^^^^^^^^^^^^^^^^^^^^^^^^^^
  File "<frozen importlib._bootstrap>", line 1398, in _gcd_import
  File "<frozen importlib._bootstrap>", line 1371, in _find_and_load
  File "<frozen importlib._bootstrap>", line 1314, in _find_and_load_unlocked
  File "<frozen importlib._bootstrap>", line 491, in _call_with_frames_removed
  File "<frozen importlib._bootstrap>", line 1398, in _gcd_import
  File "<frozen importlib._bootstrap>", line 1371, in _find_and_load
  File "<frozen importlib._bootstrap>", line 1335, in _find_and_load_unlocked
ModuleNotFoundError: No module named 'sales_tracking'
2026-06-20 06:25:58,538 ERROR frappe Could not take error snapshot: No module named 'sales_tracking'
Site: site1.local
Form Dict: {}
Traceback (most recent call last):
  File "/home/frappe/tejas/apps/frappe/frappe/app.py", line 105, in application
    init_request(request)
    ~~~~~~~~~~~~^^^^^^^^^
  File "/home/frappe/tejas/apps/frappe/frappe/app.py", line 184, in init_request
    frappe.init(site=site, sites_path=_sites_path, force=True)
    ~~~~~~~~~~~^^^^^^^^^^^^^^^^^^^^^^^^^^^^^^^^^^^^^^^^^^^^^^^
  File "/home/frappe/tejas/apps/frappe/frappe/__init__.py", line 264, in init
    setup_module_map(include_all_apps=not (frappe.request or frappe.job or frappe.flags.in_migrate))
    ~~~~~~~~~~~~~~~~^^^^^^^^^^^^^^^^^^^^^^^^^^^^^^^^^^^^^^^^^^^^^^^^^^^^^^^^^^^^^^^^^^^^^^^^^^^^^^^^
  File "/home/frappe/tejas/apps/frappe/frappe/__init__.py", line 1676, in setup_module_map
    for module in get_module_list(app):
                  ~~~~~~~~~~~~~~~^^^^^
  File "/home/frappe/tejas/apps/frappe/frappe/__init__.py", line 1524, in get_module_list
    return get_file_items(get_app_path(app_name, "modules.txt"))
                          ~~~~~~~~~~~~^^^^^^^^^^^^^^^^^^^^^^^^^
  File "/home/frappe/tejas/apps/frappe/frappe/__init__.py", line 1489, in get_app_path
    return get_pymodule_path(app_name, *joins)
  File "/home/frappe/tejas/apps/frappe/frappe/__init__.py", line 1519, in get_pymodule_path
    return abspath(join(dirname(get_module(scrub(modulename)).__file__ or ""), *joins))
                                ~~~~~~~~~~^^^^^^^^^^^^^^^^^^^
  File "/home/frappe/tejas/apps/frappe/frappe/__init__.py", line 1460, in get_module
    return importlib.import_module(modulename)
           ~~~~~~~~~~~~~~~~~~~~~~~^^^^^^^^^^^^
  File "/home/frappe/.local/share/uv/python/cpython-3.14.3-linux-x86_64-gnu/lib/python3.14/importlib/__init__.py", line 88, in import_module
    return _bootstrap._gcd_import(name[level:], package, level)
           ~~~~~~~~~~~~~~~~~~~~~~^^^^^^^^^^^^^^^^^^^^^^^^^^^^^^
  File "<frozen importlib._bootstrap>", line 1398, in _gcd_import
  File "<frozen importlib._bootstrap>", line 1371, in _find_and_load
  File "<frozen importlib._bootstrap>", line 1335, in _find_and_load_unlocked
ModuleNotFoundError: No module named 'sales_tracking'

During handling of the above exception, another exception occurred:

Traceback (most recent call last):
  File "/home/frappe/tejas/apps/frappe/frappe/utils/error.py", line 86, in log_error_snapshot
    log_error(title=str(exception), defer_insert=True)
    ~~~~~~~~~^^^^^^^^^^^^^^^^^^^^^^^^^^^^^^^^^^^^^^^^^
  File "/home/frappe/tejas/apps/frappe/frappe/utils/error.py", line 61, in log_error
    error_log = frappe.get_doc(
    	doctype="Error Log",
    ...<4 lines>...
    	trace_id=trace_id,
    )
  File "/home/frappe/tejas/apps/frappe/frappe/__init__.py", line 1314, in get_doc
    return frappe.model.document.get_doc(*args, **kwargs)
           ~~~~~~~~~~~~~~~~~~~~~~~~~~~~~^^^^^^^^^^^^^^^^^
  File "/home/frappe/tejas/apps/frappe/frappe/model/document.py", line 83, in get_doc
    controller = get_controller(doctype)
  File "/home/frappe/tejas/apps/frappe/frappe/model/base_document.py", line 67, in get_controller
    return import_controller(doctype)
  File "/home/frappe/tejas/apps/frappe/frappe/model/base_document.py", line 89, in import_controller
    class_overrides = frappe.get_hooks("override_doctype_class")
  File "/home/frappe/tejas/apps/frappe/frappe/__init__.py", line 1625, in get_hooks
    hooks = _dict(_load_app_hooks())
                  ~~~~~~~~~~~~~~~^^
  File "/home/frappe/tejas/apps/frappe/frappe/utils/caching.py", line 47, in wrapper
    return func(*args, **kwargs)
  File "/home/frappe/tejas/apps/frappe/frappe/__init__.py", line 1594, in _load_app_hooks
    app_hooks = get_module(f"{app}.hooks")
  File "/home/frappe/tejas/apps/frappe/frappe/__init__.py", line 1460, in get_module
    return importlib.import_module(modulename)
           ~~~~~~~~~~~~~~~~~~~~~~~^^^^^^^^^^^^
  File "/home/frappe/.local/share/uv/python/cpython-3.14.3-linux-x86_64-gnu/lib/python3.14/importlib/__init__.py", line 88, in import_module
    return _bootstrap._gcd_import(name[level:], package, level)
           ~~~~~~~~~~~~~~~~~~~~~~^^^^^^^^^^^^^^^^^^^^^^^^^^^^^^
  File "<frozen importlib._bootstrap>", line 1398, in _gcd_import
  File "<frozen importlib._bootstrap>", line 1371, in _find_and_load
  File "<frozen importlib._bootstrap>", line 1314, in _find_and_load_unlocked
  File "<frozen importlib._bootstrap>", line 491, in _call_with_frames_removed
  File "<frozen importlib._bootstrap>", line 1398, in _gcd_import
  File "<frozen importlib._bootstrap>", line 1371, in _find_and_load
  File "<frozen importlib._bootstrap>", line 1335, in _find_and_load_unlocked
ModuleNotFoundError: No module named 'sales_tracking'
2026-06-20 06:26:01,508 ERROR frappe Could not take error snapshot: No module named 'sales_tracking'
Site: site1.local
Form Dict: {}
Traceback (most recent call last):
  File "/home/frappe/tejas/apps/frappe/frappe/app.py", line 105, in application
    init_request(request)
    ~~~~~~~~~~~~^^^^^^^^^
  File "/home/frappe/tejas/apps/frappe/frappe/app.py", line 184, in init_request
    frappe.init(site=site, sites_path=_sites_path, force=True)
    ~~~~~~~~~~~^^^^^^^^^^^^^^^^^^^^^^^^^^^^^^^^^^^^^^^^^^^^^^^
  File "/home/frappe/tejas/apps/frappe/frappe/__init__.py", line 264, in init
    setup_module_map(include_all_apps=not (frappe.request or frappe.job or frappe.flags.in_migrate))
    ~~~~~~~~~~~~~~~~^^^^^^^^^^^^^^^^^^^^^^^^^^^^^^^^^^^^^^^^^^^^^^^^^^^^^^^^^^^^^^^^^^^^^^^^^^^^^^^^
  File "/home/frappe/tejas/apps/frappe/frappe/__init__.py", line 1676, in setup_module_map
    for module in get_module_list(app):
                  ~~~~~~~~~~~~~~~^^^^^
  File "/home/frappe/tejas/apps/frappe/frappe/__init__.py", line 1524, in get_module_list
    return get_file_items(get_app_path(app_name, "modules.txt"))
                          ~~~~~~~~~~~~^^^^^^^^^^^^^^^^^^^^^^^^^
  File "/home/frappe/tejas/apps/frappe/frappe/__init__.py", line 1489, in get_app_path
    return get_pymodule_path(app_name, *joins)
  File "/home/frappe/tejas/apps/frappe/frappe/__init__.py", line 1519, in get_pymodule_path
    return abspath(join(dirname(get_module(scrub(modulename)).__file__ or ""), *joins))
                                ~~~~~~~~~~^^^^^^^^^^^^^^^^^^^
  File "/home/frappe/tejas/apps/frappe/frappe/__init__.py", line 1460, in get_module
    return importlib.import_module(modulename)
           ~~~~~~~~~~~~~~~~~~~~~~~^^^^^^^^^^^^
  File "/home/frappe/.local/share/uv/python/cpython-3.14.3-linux-x86_64-gnu/lib/python3.14/importlib/__init__.py", line 88, in import_module
    return _bootstrap._gcd_import(name[level:], package, level)
           ~~~~~~~~~~~~~~~~~~~~~~^^^^^^^^^^^^^^^^^^^^^^^^^^^^^^
  File "<frozen importlib._bootstrap>", line 1398, in _gcd_import
  File "<frozen importlib._bootstrap>", line 1371, in _find_and_load
  File "<frozen importlib._bootstrap>", line 1335, in _find_and_load_unlocked
ModuleNotFoundError: No module named 'sales_tracking'

During handling of the above exception, another exception occurred:

Traceback (most recent call last):
  File "/home/frappe/tejas/apps/frappe/frappe/utils/error.py", line 86, in log_error_snapshot
    log_error(title=str(exception), defer_insert=True)
    ~~~~~~~~~^^^^^^^^^^^^^^^^^^^^^^^^^^^^^^^^^^^^^^^^^
  File "/home/frappe/tejas/apps/frappe/frappe/utils/error.py", line 61, in log_error
    error_log = frappe.get_doc(
    	doctype="Error Log",
    ...<4 lines>...
    	trace_id=trace_id,
    )
  File "/home/frappe/tejas/apps/frappe/frappe/__init__.py", line 1314, in get_doc
    return frappe.model.document.get_doc(*args, **kwargs)
           ~~~~~~~~~~~~~~~~~~~~~~~~~~~~~^^^^^^^^^^^^^^^^^
  File "/home/frappe/tejas/apps/frappe/frappe/model/document.py", line 83, in get_doc
    controller = get_controller(doctype)
  File "/home/frappe/tejas/apps/frappe/frappe/model/base_document.py", line 67, in get_controller
    return import_controller(doctype)
  File "/home/frappe/tejas/apps/frappe/frappe/model/base_document.py", line 89, in import_controller
    class_overrides = frappe.get_hooks("override_doctype_class")
  File "/home/frappe/tejas/apps/frappe/frappe/__init__.py", line 1625, in get_hooks
    hooks = _dict(_load_app_hooks())
                  ~~~~~~~~~~~~~~~^^
  File "/home/frappe/tejas/apps/frappe/frappe/utils/caching.py", line 47, in wrapper
    return func(*args, **kwargs)
  File "/home/frappe/tejas/apps/frappe/frappe/__init__.py", line 1594, in _load_app_hooks
    app_hooks = get_module(f"{app}.hooks")
  File "/home/frappe/tejas/apps/frappe/frappe/__init__.py", line 1460, in get_module
    return importlib.import_module(modulename)
           ~~~~~~~~~~~~~~~~~~~~~~~^^^^^^^^^^^^
  File "/home/frappe/.local/share/uv/python/cpython-3.14.3-linux-x86_64-gnu/lib/python3.14/importlib/__init__.py", line 88, in import_module
    return _bootstrap._gcd_import(name[level:], package, level)
           ~~~~~~~~~~~~~~~~~~~~~~^^^^^^^^^^^^^^^^^^^^^^^^^^^^^^
  File "<frozen importlib._bootstrap>", line 1398, in _gcd_import
  File "<frozen importlib._bootstrap>", line 1371, in _find_and_load
  File "<frozen importlib._bootstrap>", line 1314, in _find_and_load_unlocked
  File "<frozen importlib._bootstrap>", line 491, in _call_with_frames_removed
  File "<frozen importlib._bootstrap>", line 1398, in _gcd_import
  File "<frozen importlib._bootstrap>", line 1371, in _find_and_load
  File "<frozen importlib._bootstrap>", line 1335, in _find_and_load_unlocked
ModuleNotFoundError: No module named 'sales_tracking'
2026-06-20 06:26:01,588 ERROR frappe Could not take error snapshot: No module named 'sales_tracking'
Site: site1.local
Form Dict: {}
Traceback (most recent call last):
  File "/home/frappe/tejas/apps/frappe/frappe/app.py", line 105, in application
    init_request(request)
    ~~~~~~~~~~~~^^^^^^^^^
  File "/home/frappe/tejas/apps/frappe/frappe/app.py", line 184, in init_request
    frappe.init(site=site, sites_path=_sites_path, force=True)
    ~~~~~~~~~~~^^^^^^^^^^^^^^^^^^^^^^^^^^^^^^^^^^^^^^^^^^^^^^^
  File "/home/frappe/tejas/apps/frappe/frappe/__init__.py", line 264, in init
    setup_module_map(include_all_apps=not (frappe.request or frappe.job or frappe.flags.in_migrate))
    ~~~~~~~~~~~~~~~~^^^^^^^^^^^^^^^^^^^^^^^^^^^^^^^^^^^^^^^^^^^^^^^^^^^^^^^^^^^^^^^^^^^^^^^^^^^^^^^^
  File "/home/frappe/tejas/apps/frappe/frappe/__init__.py", line 1676, in setup_module_map
    for module in get_module_list(app):
                  ~~~~~~~~~~~~~~~^^^^^
  File "/home/frappe/tejas/apps/frappe/frappe/__init__.py", line 1524, in get_module_list
    return get_file_items(get_app_path(app_name, "modules.txt"))
                          ~~~~~~~~~~~~^^^^^^^^^^^^^^^^^^^^^^^^^
  File "/home/frappe/tejas/apps/frappe/frappe/__init__.py", line 1489, in get_app_path
    return get_pymodule_path(app_name, *joins)
  File "/home/frappe/tejas/apps/frappe/frappe/__init__.py", line 1519, in get_pymodule_path
    return abspath(join(dirname(get_module(scrub(modulename)).__file__ or ""), *joins))
                                ~~~~~~~~~~^^^^^^^^^^^^^^^^^^^
  File "/home/frappe/tejas/apps/frappe/frappe/__init__.py", line 1460, in get_module
    return importlib.import_module(modulename)
           ~~~~~~~~~~~~~~~~~~~~~~~^^^^^^^^^^^^
  File "/home/frappe/.local/share/uv/python/cpython-3.14.3-linux-x86_64-gnu/lib/python3.14/importlib/__init__.py", line 88, in import_module
    return _bootstrap._gcd_import(name[level:], package, level)
           ~~~~~~~~~~~~~~~~~~~~~~^^^^^^^^^^^^^^^^^^^^^^^^^^^^^^
  File "<frozen importlib._bootstrap>", line 1398, in _gcd_import
  File "<frozen importlib._bootstrap>", line 1371, in _find_and_load
  File "<frozen importlib._bootstrap>", line 1335, in _find_and_load_unlocked
ModuleNotFoundError: No module named 'sales_tracking'

During handling of the above exception, another exception occurred:

Traceback (most recent call last):
  File "/home/frappe/tejas/apps/frappe/frappe/utils/error.py", line 86, in log_error_snapshot
    log_error(title=str(exception), defer_insert=True)
    ~~~~~~~~~^^^^^^^^^^^^^^^^^^^^^^^^^^^^^^^^^^^^^^^^^
  File "/home/frappe/tejas/apps/frappe/frappe/utils/error.py", line 61, in log_error
    error_log = frappe.get_doc(
    	doctype="Error Log",
    ...<4 lines>...
    	trace_id=trace_id,
    )
  File "/home/frappe/tejas/apps/frappe/frappe/__init__.py", line 1314, in get_doc
    return frappe.model.document.get_doc(*args, **kwargs)
           ~~~~~~~~~~~~~~~~~~~~~~~~~~~~~^^^^^^^^^^^^^^^^^
  File "/home/frappe/tejas/apps/frappe/frappe/model/document.py", line 83, in get_doc
    controller = get_controller(doctype)
  File "/home/frappe/tejas/apps/frappe/frappe/model/base_document.py", line 67, in get_controller
    return import_controller(doctype)
  File "/home/frappe/tejas/apps/frappe/frappe/model/base_document.py", line 89, in import_controller
    class_overrides = frappe.get_hooks("override_doctype_class")
  File "/home/frappe/tejas/apps/frappe/frappe/__init__.py", line 1625, in get_hooks
    hooks = _dict(_load_app_hooks())
                  ~~~~~~~~~~~~~~~^^
  File "/home/frappe/tejas/apps/frappe/frappe/utils/caching.py", line 47, in wrapper
    return func(*args, **kwargs)
  File "/home/frappe/tejas/apps/frappe/frappe/__init__.py", line 1594, in _load_app_hooks
    app_hooks = get_module(f"{app}.hooks")
  File "/home/frappe/tejas/apps/frappe/frappe/__init__.py", line 1460, in get_module
    return importlib.import_module(modulename)
           ~~~~~~~~~~~~~~~~~~~~~~~^^^^^^^^^^^^
  File "/home/frappe/.local/share/uv/python/cpython-3.14.3-linux-x86_64-gnu/lib/python3.14/importlib/__init__.py", line 88, in import_module
    return _bootstrap._gcd_import(name[level:], package, level)
           ~~~~~~~~~~~~~~~~~~~~~~^^^^^^^^^^^^^^^^^^^^^^^^^^^^^^
  File "<frozen importlib._bootstrap>", line 1398, in _gcd_import
  File "<frozen importlib._bootstrap>", line 1371, in _find_and_load
  File "<frozen importlib._bootstrap>", line 1314, in _find_and_load_unlocked
  File "<frozen importlib._bootstrap>", line 491, in _call_with_frames_removed
  File "<frozen importlib._bootstrap>", line 1398, in _gcd_import
  File "<frozen importlib._bootstrap>", line 1371, in _find_and_load
  File "<frozen importlib._bootstrap>", line 1335, in _find_and_load_unlocked
ModuleNotFoundError: No module named 'sales_tracking'
2026-06-20 06:26:01,594 ERROR frappe Could not take error snapshot: No module named 'sales_tracking'
Site: site1.local
Form Dict: {}
Traceback (most recent call last):
  File "/home/frappe/tejas/apps/frappe/frappe/app.py", line 105, in application
    init_request(request)
    ~~~~~~~~~~~~^^^^^^^^^
  File "/home/frappe/tejas/apps/frappe/frappe/app.py", line 184, in init_request
    frappe.init(site=site, sites_path=_sites_path, force=True)
    ~~~~~~~~~~~^^^^^^^^^^^^^^^^^^^^^^^^^^^^^^^^^^^^^^^^^^^^^^^
  File "/home/frappe/tejas/apps/frappe/frappe/__init__.py", line 264, in init
    setup_module_map(include_all_apps=not (frappe.request or frappe.job or frappe.flags.in_migrate))
    ~~~~~~~~~~~~~~~~^^^^^^^^^^^^^^^^^^^^^^^^^^^^^^^^^^^^^^^^^^^^^^^^^^^^^^^^^^^^^^^^^^^^^^^^^^^^^^^^
  File "/home/frappe/tejas/apps/frappe/frappe/__init__.py", line 1676, in setup_module_map
    for module in get_module_list(app):
                  ~~~~~~~~~~~~~~~^^^^^
  File "/home/frappe/tejas/apps/frappe/frappe/__init__.py", line 1524, in get_module_list
    return get_file_items(get_app_path(app_name, "modules.txt"))
                          ~~~~~~~~~~~~^^^^^^^^^^^^^^^^^^^^^^^^^
  File "/home/frappe/tejas/apps/frappe/frappe/__init__.py", line 1489, in get_app_path
    return get_pymodule_path(app_name, *joins)
  File "/home/frappe/tejas/apps/frappe/frappe/__init__.py", line 1519, in get_pymodule_path
    return abspath(join(dirname(get_module(scrub(modulename)).__file__ or ""), *joins))
                                ~~~~~~~~~~^^^^^^^^^^^^^^^^^^^
  File "/home/frappe/tejas/apps/frappe/frappe/__init__.py", line 1460, in get_module
    return importlib.import_module(modulename)
           ~~~~~~~~~~~~~~~~~~~~~~~^^^^^^^^^^^^
  File "/home/frappe/.local/share/uv/python/cpython-3.14.3-linux-x86_64-gnu/lib/python3.14/importlib/__init__.py", line 88, in import_module
    return _bootstrap._gcd_import(name[level:], package, level)
           ~~~~~~~~~~~~~~~~~~~~~~^^^^^^^^^^^^^^^^^^^^^^^^^^^^^^
  File "<frozen importlib._bootstrap>", line 1398, in _gcd_import
  File "<frozen importlib._bootstrap>", line 1371, in _find_and_load
  File "<frozen importlib._bootstrap>", line 1335, in _find_and_load_unlocked
ModuleNotFoundError: No module named 'sales_tracking'

During handling of the above exception, another exception occurred:

Traceback (most recent call last):
  File "/home/frappe/tejas/apps/frappe/frappe/utils/error.py", line 86, in log_error_snapshot
    log_error(title=str(exception), defer_insert=True)
    ~~~~~~~~~^^^^^^^^^^^^^^^^^^^^^^^^^^^^^^^^^^^^^^^^^
  File "/home/frappe/tejas/apps/frappe/frappe/utils/error.py", line 61, in log_error
    error_log = frappe.get_doc(
    	doctype="Error Log",
    ...<4 lines>...
    	trace_id=trace_id,
    )
  File "/home/frappe/tejas/apps/frappe/frappe/__init__.py", line 1314, in get_doc
    return frappe.model.document.get_doc(*args, **kwargs)
           ~~~~~~~~~~~~~~~~~~~~~~~~~~~~~^^^^^^^^^^^^^^^^^
  File "/home/frappe/tejas/apps/frappe/frappe/model/document.py", line 83, in get_doc
    controller = get_controller(doctype)
  File "/home/frappe/tejas/apps/frappe/frappe/model/base_document.py", line 67, in get_controller
    return import_controller(doctype)
  File "/home/frappe/tejas/apps/frappe/frappe/model/base_document.py", line 89, in import_controller
    class_overrides = frappe.get_hooks("override_doctype_class")
  File "/home/frappe/tejas/apps/frappe/frappe/__init__.py", line 1625, in get_hooks
    hooks = _dict(_load_app_hooks())
                  ~~~~~~~~~~~~~~~^^
  File "/home/frappe/tejas/apps/frappe/frappe/utils/caching.py", line 47, in wrapper
    return func(*args, **kwargs)
  File "/home/frappe/tejas/apps/frappe/frappe/__init__.py", line 1594, in _load_app_hooks
    app_hooks = get_module(f"{app}.hooks")
  File "/home/frappe/tejas/apps/frappe/frappe/__init__.py", line 1460, in get_module
    return importlib.import_module(modulename)
           ~~~~~~~~~~~~~~~~~~~~~~~^^^^^^^^^^^^
  File "/home/frappe/.local/share/uv/python/cpython-3.14.3-linux-x86_64-gnu/lib/python3.14/importlib/__init__.py", line 88, in import_module
    return _bootstrap._gcd_import(name[level:], package, level)
           ~~~~~~~~~~~~~~~~~~~~~~^^^^^^^^^^^^^^^^^^^^^^^^^^^^^^
  File "<frozen importlib._bootstrap>", line 1398, in _gcd_import
  File "<frozen importlib._bootstrap>", line 1371, in _find_and_load
  File "<frozen importlib._bootstrap>", line 1314, in _find_and_load_unlocked
  File "<frozen importlib._bootstrap>", line 491, in _call_with_frames_removed
  File "<frozen importlib._bootstrap>", line 1398, in _gcd_import
  File "<frozen importlib._bootstrap>", line 1371, in _find_and_load
  File "<frozen importlib._bootstrap>", line 1335, in _find_and_load_unlocked
ModuleNotFoundError: No module named 'sales_tracking'
2026-06-20 06:26:01,594 ERROR frappe Could not take error snapshot: No module named 'sales_tracking'
Site: site1.local
Form Dict: {}
Traceback (most recent call last):
  File "/home/frappe/tejas/apps/frappe/frappe/app.py", line 105, in application
    init_request(request)
    ~~~~~~~~~~~~^^^^^^^^^
  File "/home/frappe/tejas/apps/frappe/frappe/app.py", line 184, in init_request
    frappe.init(site=site, sites_path=_sites_path, force=True)
    ~~~~~~~~~~~^^^^^^^^^^^^^^^^^^^^^^^^^^^^^^^^^^^^^^^^^^^^^^^
  File "/home/frappe/tejas/apps/frappe/frappe/__init__.py", line 264, in init
    setup_module_map(include_all_apps=not (frappe.request or frappe.job or frappe.flags.in_migrate))
    ~~~~~~~~~~~~~~~~^^^^^^^^^^^^^^^^^^^^^^^^^^^^^^^^^^^^^^^^^^^^^^^^^^^^^^^^^^^^^^^^^^^^^^^^^^^^^^^^
  File "/home/frappe/tejas/apps/frappe/frappe/__init__.py", line 1676, in setup_module_map
    for module in get_module_list(app):
                  ~~~~~~~~~~~~~~~^^^^^
  File "/home/frappe/tejas/apps/frappe/frappe/__init__.py", line 1524, in get_module_list
    return get_file_items(get_app_path(app_name, "modules.txt"))
                          ~~~~~~~~~~~~^^^^^^^^^^^^^^^^^^^^^^^^^
  File "/home/frappe/tejas/apps/frappe/frappe/__init__.py", line 1489, in get_app_path
    return get_pymodule_path(app_name, *joins)
  File "/home/frappe/tejas/apps/frappe/frappe/__init__.py", line 1519, in get_pymodule_path
    return abspath(join(dirname(get_module(scrub(modulename)).__file__ or ""), *joins))
                                ~~~~~~~~~~^^^^^^^^^^^^^^^^^^^
  File "/home/frappe/tejas/apps/frappe/frappe/__init__.py", line 1460, in get_module
    return importlib.import_module(modulename)
           ~~~~~~~~~~~~~~~~~~~~~~~^^^^^^^^^^^^
  File "/home/frappe/.local/share/uv/python/cpython-3.14.3-linux-x86_64-gnu/lib/python3.14/importlib/__init__.py", line 88, in import_module
    return _bootstrap._gcd_import(name[level:], package, level)
           ~~~~~~~~~~~~~~~~~~~~~~^^^^^^^^^^^^^^^^^^^^^^^^^^^^^^
  File "<frozen importlib._bootstrap>", line 1398, in _gcd_import
  File "<frozen importlib._bootstrap>", line 1371, in _find_and_load
  File "<frozen importlib._bootstrap>", line 1335, in _find_and_load_unlocked
ModuleNotFoundError: No module named 'sales_tracking'

During handling of the above exception, another exception occurred:

Traceback (most recent call last):
  File "/home/frappe/tejas/apps/frappe/frappe/utils/error.py", line 86, in log_error_snapshot
    log_error(title=str(exception), defer_insert=True)
    ~~~~~~~~~^^^^^^^^^^^^^^^^^^^^^^^^^^^^^^^^^^^^^^^^^
  File "/home/frappe/tejas/apps/frappe/frappe/utils/error.py", line 61, in log_error
    error_log = frappe.get_doc(
    	doctype="Error Log",
    ...<4 lines>...
    	trace_id=trace_id,
    )
  File "/home/frappe/tejas/apps/frappe/frappe/__init__.py", line 1314, in get_doc
    return frappe.model.document.get_doc(*args, **kwargs)
           ~~~~~~~~~~~~~~~~~~~~~~~~~~~~~^^^^^^^^^^^^^^^^^
  File "/home/frappe/tejas/apps/frappe/frappe/model/document.py", line 83, in get_doc
    controller = get_controller(doctype)
  File "/home/frappe/tejas/apps/frappe/frappe/model/base_document.py", line 67, in get_controller
    return import_controller(doctype)
  File "/home/frappe/tejas/apps/frappe/frappe/model/base_document.py", line 89, in import_controller
    class_overrides = frappe.get_hooks("override_doctype_class")
  File "/home/frappe/tejas/apps/frappe/frappe/__init__.py", line 1625, in get_hooks
    hooks = _dict(_load_app_hooks())
                  ~~~~~~~~~~~~~~~^^
  File "/home/frappe/tejas/apps/frappe/frappe/utils/caching.py", line 47, in wrapper
    return func(*args, **kwargs)
  File "/home/frappe/tejas/apps/frappe/frappe/__init__.py", line 1594, in _load_app_hooks
    app_hooks = get_module(f"{app}.hooks")
  File "/home/frappe/tejas/apps/frappe/frappe/__init__.py", line 1460, in get_module
    return importlib.import_module(modulename)
           ~~~~~~~~~~~~~~~~~~~~~~~^^^^^^^^^^^^
  File "/home/frappe/.local/share/uv/python/cpython-3.14.3-linux-x86_64-gnu/lib/python3.14/importlib/__init__.py", line 88, in import_module
    return _bootstrap._gcd_import(name[level:], package, level)
           ~~~~~~~~~~~~~~~~~~~~~~^^^^^^^^^^^^^^^^^^^^^^^^^^^^^^
  File "<frozen importlib._bootstrap>", line 1398, in _gcd_import
  File "<frozen importlib._bootstrap>", line 1371, in _find_and_load
  File "<frozen importlib._bootstrap>", line 1314, in _find_and_load_unlocked
  File "<frozen importlib._bootstrap>", line 491, in _call_with_frames_removed
  File "<frozen importlib._bootstrap>", line 1398, in _gcd_import
  File "<frozen importlib._bootstrap>", line 1371, in _find_and_load
  File "<frozen importlib._bootstrap>", line 1335, in _find_and_load_unlocked
ModuleNotFoundError: No module named 'sales_tracking'
2026-06-20 06:26:05,066 ERROR frappe Could not take error snapshot: No module named 'sales_tracking'
Site: site1.local
Form Dict: {}
Traceback (most recent call last):
  File "/home/frappe/tejas/apps/frappe/frappe/app.py", line 105, in application
    init_request(request)
    ~~~~~~~~~~~~^^^^^^^^^
  File "/home/frappe/tejas/apps/frappe/frappe/app.py", line 184, in init_request
    frappe.init(site=site, sites_path=_sites_path, force=True)
    ~~~~~~~~~~~^^^^^^^^^^^^^^^^^^^^^^^^^^^^^^^^^^^^^^^^^^^^^^^
  File "/home/frappe/tejas/apps/frappe/frappe/__init__.py", line 264, in init
    setup_module_map(include_all_apps=not (frappe.request or frappe.job or frappe.flags.in_migrate))
    ~~~~~~~~~~~~~~~~^^^^^^^^^^^^^^^^^^^^^^^^^^^^^^^^^^^^^^^^^^^^^^^^^^^^^^^^^^^^^^^^^^^^^^^^^^^^^^^^
  File "/home/frappe/tejas/apps/frappe/frappe/__init__.py", line 1676, in setup_module_map
    for module in get_module_list(app):
                  ~~~~~~~~~~~~~~~^^^^^
  File "/home/frappe/tejas/apps/frappe/frappe/__init__.py", line 1524, in get_module_list
    return get_file_items(get_app_path(app_name, "modules.txt"))
                          ~~~~~~~~~~~~^^^^^^^^^^^^^^^^^^^^^^^^^
  File "/home/frappe/tejas/apps/frappe/frappe/__init__.py", line 1489, in get_app_path
    return get_pymodule_path(app_name, *joins)
  File "/home/frappe/tejas/apps/frappe/frappe/__init__.py", line 1519, in get_pymodule_path
    return abspath(join(dirname(get_module(scrub(modulename)).__file__ or ""), *joins))
                                ~~~~~~~~~~^^^^^^^^^^^^^^^^^^^
  File "/home/frappe/tejas/apps/frappe/frappe/__init__.py", line 1460, in get_module
    return importlib.import_module(modulename)
           ~~~~~~~~~~~~~~~~~~~~~~~^^^^^^^^^^^^
  File "/home/frappe/.local/share/uv/python/cpython-3.14.3-linux-x86_64-gnu/lib/python3.14/importlib/__init__.py", line 88, in import_module
    return _bootstrap._gcd_import(name[level:], package, level)
           ~~~~~~~~~~~~~~~~~~~~~~^^^^^^^^^^^^^^^^^^^^^^^^^^^^^^
  File "<frozen importlib._bootstrap>", line 1398, in _gcd_import
  File "<frozen importlib._bootstrap>", line 1371, in _find_and_load
  File "<frozen importlib._bootstrap>", line 1335, in _find_and_load_unlocked
ModuleNotFoundError: No module named 'sales_tracking'

During handling of the above exception, another exception occurred:

Traceback (most recent call last):
  File "/home/frappe/tejas/apps/frappe/frappe/utils/error.py", line 86, in log_error_snapshot
    log_error(title=str(exception), defer_insert=True)
    ~~~~~~~~~^^^^^^^^^^^^^^^^^^^^^^^^^^^^^^^^^^^^^^^^^
  File "/home/frappe/tejas/apps/frappe/frappe/utils/error.py", line 61, in log_error
    error_log = frappe.get_doc(
    	doctype="Error Log",
    ...<4 lines>...
    	trace_id=trace_id,
    )
  File "/home/frappe/tejas/apps/frappe/frappe/__init__.py", line 1314, in get_doc
    return frappe.model.document.get_doc(*args, **kwargs)
           ~~~~~~~~~~~~~~~~~~~~~~~~~~~~~^^^^^^^^^^^^^^^^^
  File "/home/frappe/tejas/apps/frappe/frappe/model/document.py", line 83, in get_doc
    controller = get_controller(doctype)
  File "/home/frappe/tejas/apps/frappe/frappe/model/base_document.py", line 67, in get_controller
    return import_controller(doctype)
  File "/home/frappe/tejas/apps/frappe/frappe/model/base_document.py", line 89, in import_controller
    class_overrides = frappe.get_hooks("override_doctype_class")
  File "/home/frappe/tejas/apps/frappe/frappe/__init__.py", line 1625, in get_hooks
    hooks = _dict(_load_app_hooks())
                  ~~~~~~~~~~~~~~~^^
  File "/home/frappe/tejas/apps/frappe/frappe/utils/caching.py", line 47, in wrapper
    return func(*args, **kwargs)
  File "/home/frappe/tejas/apps/frappe/frappe/__init__.py", line 1594, in _load_app_hooks
    app_hooks = get_module(f"{app}.hooks")
  File "/home/frappe/tejas/apps/frappe/frappe/__init__.py", line 1460, in get_module
    return importlib.import_module(modulename)
           ~~~~~~~~~~~~~~~~~~~~~~~^^^^^^^^^^^^
  File "/home/frappe/.local/share/uv/python/cpython-3.14.3-linux-x86_64-gnu/lib/python3.14/importlib/__init__.py", line 88, in import_module
    return _bootstrap._gcd_import(name[level:], package, level)
           ~~~~~~~~~~~~~~~~~~~~~~^^^^^^^^^^^^^^^^^^^^^^^^^^^^^^
  File "<frozen importlib._bootstrap>", line 1398, in _gcd_import
  File "<frozen importlib._bootstrap>", line 1371, in _find_and_load
  File "<frozen importlib._bootstrap>", line 1314, in _find_and_load_unlocked
  File "<frozen importlib._bootstrap>", line 491, in _call_with_frames_removed
  File "<frozen importlib._bootstrap>", line 1398, in _gcd_import
  File "<frozen importlib._bootstrap>", line 1371, in _find_and_load
  File "<frozen importlib._bootstrap>", line 1335, in _find_and_load_unlocked
ModuleNotFoundError: No module named 'sales_tracking'
2026-06-20 06:26:07,301 ERROR frappe Could not take error snapshot: No module named 'sales_tracking'
Site: site1.local
Form Dict: {}
Traceback (most recent call last):
  File "/home/frappe/tejas/apps/frappe/frappe/app.py", line 105, in application
    init_request(request)
    ~~~~~~~~~~~~^^^^^^^^^
  File "/home/frappe/tejas/apps/frappe/frappe/app.py", line 184, in init_request
    frappe.init(site=site, sites_path=_sites_path, force=True)
    ~~~~~~~~~~~^^^^^^^^^^^^^^^^^^^^^^^^^^^^^^^^^^^^^^^^^^^^^^^
  File "/home/frappe/tejas/apps/frappe/frappe/__init__.py", line 264, in init
    setup_module_map(include_all_apps=not (frappe.request or frappe.job or frappe.flags.in_migrate))
    ~~~~~~~~~~~~~~~~^^^^^^^^^^^^^^^^^^^^^^^^^^^^^^^^^^^^^^^^^^^^^^^^^^^^^^^^^^^^^^^^^^^^^^^^^^^^^^^^
  File "/home/frappe/tejas/apps/frappe/frappe/__init__.py", line 1676, in setup_module_map
    for module in get_module_list(app):
                  ~~~~~~~~~~~~~~~^^^^^
  File "/home/frappe/tejas/apps/frappe/frappe/__init__.py", line 1524, in get_module_list
    return get_file_items(get_app_path(app_name, "modules.txt"))
                          ~~~~~~~~~~~~^^^^^^^^^^^^^^^^^^^^^^^^^
  File "/home/frappe/tejas/apps/frappe/frappe/__init__.py", line 1489, in get_app_path
    return get_pymodule_path(app_name, *joins)
  File "/home/frappe/tejas/apps/frappe/frappe/__init__.py", line 1519, in get_pymodule_path
    return abspath(join(dirname(get_module(scrub(modulename)).__file__ or ""), *joins))
                                ~~~~~~~~~~^^^^^^^^^^^^^^^^^^^
  File "/home/frappe/tejas/apps/frappe/frappe/__init__.py", line 1460, in get_module
    return importlib.import_module(modulename)
           ~~~~~~~~~~~~~~~~~~~~~~~^^^^^^^^^^^^
  File "/home/frappe/.local/share/uv/python/cpython-3.14.3-linux-x86_64-gnu/lib/python3.14/importlib/__init__.py", line 88, in import_module
    return _bootstrap._gcd_import(name[level:], package, level)
           ~~~~~~~~~~~~~~~~~~~~~~^^^^^^^^^^^^^^^^^^^^^^^^^^^^^^
  File "<frozen importlib._bootstrap>", line 1398, in _gcd_import
  File "<frozen importlib._bootstrap>", line 1371, in _find_and_load
  File "<frozen importlib._bootstrap>", line 1335, in _find_and_load_unlocked
ModuleNotFoundError: No module named 'sales_tracking'

During handling of the above exception, another exception occurred:

Traceback (most recent call last):
  File "/home/frappe/tejas/apps/frappe/frappe/utils/error.py", line 86, in log_error_snapshot
    log_error(title=str(exception), defer_insert=True)
    ~~~~~~~~~^^^^^^^^^^^^^^^^^^^^^^^^^^^^^^^^^^^^^^^^^
  File "/home/frappe/tejas/apps/frappe/frappe/utils/error.py", line 61, in log_error
    error_log = frappe.get_doc(
    	doctype="Error Log",
    ...<4 lines>...
    	trace_id=trace_id,
    )
  File "/home/frappe/tejas/apps/frappe/frappe/__init__.py", line 1314, in get_doc
    return frappe.model.document.get_doc(*args, **kwargs)
           ~~~~~~~~~~~~~~~~~~~~~~~~~~~~~^^^^^^^^^^^^^^^^^
  File "/home/frappe/tejas/apps/frappe/frappe/model/document.py", line 83, in get_doc
    controller = get_controller(doctype)
  File "/home/frappe/tejas/apps/frappe/frappe/model/base_document.py", line 67, in get_controller
    return import_controller(doctype)
  File "/home/frappe/tejas/apps/frappe/frappe/model/base_document.py", line 89, in import_controller
    class_overrides = frappe.get_hooks("override_doctype_class")
  File "/home/frappe/tejas/apps/frappe/frappe/__init__.py", line 1625, in get_hooks
    hooks = _dict(_load_app_hooks())
                  ~~~~~~~~~~~~~~~^^
  File "/home/frappe/tejas/apps/frappe/frappe/utils/caching.py", line 47, in wrapper
    return func(*args, **kwargs)
  File "/home/frappe/tejas/apps/frappe/frappe/__init__.py", line 1594, in _load_app_hooks
    app_hooks = get_module(f"{app}.hooks")
  File "/home/frappe/tejas/apps/frappe/frappe/__init__.py", line 1460, in get_module
    return importlib.import_module(modulename)
           ~~~~~~~~~~~~~~~~~~~~~~~^^^^^^^^^^^^
  File "/home/frappe/.local/share/uv/python/cpython-3.14.3-linux-x86_64-gnu/lib/python3.14/importlib/__init__.py", line 88, in import_module
    return _bootstrap._gcd_import(name[level:], package, level)
           ~~~~~~~~~~~~~~~~~~~~~~^^^^^^^^^^^^^^^^^^^^^^^^^^^^^^
  File "<frozen importlib._bootstrap>", line 1398, in _gcd_import
  File "<frozen importlib._bootstrap>", line 1371, in _find_and_load
  File "<frozen importlib._bootstrap>", line 1314, in _find_and_load_unlocked
  File "<frozen importlib._bootstrap>", line 491, in _call_with_frames_removed
  File "<frozen importlib._bootstrap>", line 1398, in _gcd_import
  File "<frozen importlib._bootstrap>", line 1371, in _find_and_load
  File "<frozen importlib._bootstrap>", line 1335, in _find_and_load_unlocked
ModuleNotFoundError: No module named 'sales_tracking'
2026-06-20 06:26:10,942 ERROR frappe Could not take error snapshot: No module named 'sales_tracking'
Site: site1.local
Form Dict: {}
Traceback (most recent call last):
  File "/home/frappe/tejas/apps/frappe/frappe/app.py", line 105, in application
    init_request(request)
    ~~~~~~~~~~~~^^^^^^^^^
  File "/home/frappe/tejas/apps/frappe/frappe/app.py", line 184, in init_request
    frappe.init(site=site, sites_path=_sites_path, force=True)
    ~~~~~~~~~~~^^^^^^^^^^^^^^^^^^^^^^^^^^^^^^^^^^^^^^^^^^^^^^^
  File "/home/frappe/tejas/apps/frappe/frappe/__init__.py", line 264, in init
    setup_module_map(include_all_apps=not (frappe.request or frappe.job or frappe.flags.in_migrate))
    ~~~~~~~~~~~~~~~~^^^^^^^^^^^^^^^^^^^^^^^^^^^^^^^^^^^^^^^^^^^^^^^^^^^^^^^^^^^^^^^^^^^^^^^^^^^^^^^^
  File "/home/frappe/tejas/apps/frappe/frappe/__init__.py", line 1676, in setup_module_map
    for module in get_module_list(app):
                  ~~~~~~~~~~~~~~~^^^^^
  File "/home/frappe/tejas/apps/frappe/frappe/__init__.py", line 1524, in get_module_list
    return get_file_items(get_app_path(app_name, "modules.txt"))
                          ~~~~~~~~~~~~^^^^^^^^^^^^^^^^^^^^^^^^^
  File "/home/frappe/tejas/apps/frappe/frappe/__init__.py", line 1489, in get_app_path
    return get_pymodule_path(app_name, *joins)
  File "/home/frappe/tejas/apps/frappe/frappe/__init__.py", line 1519, in get_pymodule_path
    return abspath(join(dirname(get_module(scrub(modulename)).__file__ or ""), *joins))
                                ~~~~~~~~~~^^^^^^^^^^^^^^^^^^^
  File "/home/frappe/tejas/apps/frappe/frappe/__init__.py", line 1460, in get_module
    return importlib.import_module(modulename)
           ~~~~~~~~~~~~~~~~~~~~~~~^^^^^^^^^^^^
  File "/home/frappe/.local/share/uv/python/cpython-3.14.3-linux-x86_64-gnu/lib/python3.14/importlib/__init__.py", line 88, in import_module
    return _bootstrap._gcd_import(name[level:], package, level)
           ~~~~~~~~~~~~~~~~~~~~~~^^^^^^^^^^^^^^^^^^^^^^^^^^^^^^
  File "<frozen importlib._bootstrap>", line 1398, in _gcd_import
  File "<frozen importlib._bootstrap>", line 1371, in _find_and_load
  File "<frozen importlib._bootstrap>", line 1335, in _find_and_load_unlocked
ModuleNotFoundError: No module named 'sales_tracking'

During handling of the above exception, another exception occurred:

Traceback (most recent call last):
  File "/home/frappe/tejas/apps/frappe/frappe/utils/error.py", line 86, in log_error_snapshot
    log_error(title=str(exception), defer_insert=True)
    ~~~~~~~~~^^^^^^^^^^^^^^^^^^^^^^^^^^^^^^^^^^^^^^^^^
  File "/home/frappe/tejas/apps/frappe/frappe/utils/error.py", line 61, in log_error
    error_log = frappe.get_doc(
    	doctype="Error Log",
    ...<4 lines>...
    	trace_id=trace_id,
    )
  File "/home/frappe/tejas/apps/frappe/frappe/__init__.py", line 1314, in get_doc
    return frappe.model.document.get_doc(*args, **kwargs)
           ~~~~~~~~~~~~~~~~~~~~~~~~~~~~~^^^^^^^^^^^^^^^^^
  File "/home/frappe/tejas/apps/frappe/frappe/model/document.py", line 83, in get_doc
    controller = get_controller(doctype)
  File "/home/frappe/tejas/apps/frappe/frappe/model/base_document.py", line 67, in get_controller
    return import_controller(doctype)
  File "/home/frappe/tejas/apps/frappe/frappe/model/base_document.py", line 89, in import_controller
    class_overrides = frappe.get_hooks("override_doctype_class")
  File "/home/frappe/tejas/apps/frappe/frappe/__init__.py", line 1625, in get_hooks
    hooks = _dict(_load_app_hooks())
                  ~~~~~~~~~~~~~~~^^
  File "/home/frappe/tejas/apps/frappe/frappe/utils/caching.py", line 47, in wrapper
    return func(*args, **kwargs)
  File "/home/frappe/tejas/apps/frappe/frappe/__init__.py", line 1594, in _load_app_hooks
    app_hooks = get_module(f"{app}.hooks")
  File "/home/frappe/tejas/apps/frappe/frappe/__init__.py", line 1460, in get_module
    return importlib.import_module(modulename)
           ~~~~~~~~~~~~~~~~~~~~~~~^^^^^^^^^^^^
  File "/home/frappe/.local/share/uv/python/cpython-3.14.3-linux-x86_64-gnu/lib/python3.14/importlib/__init__.py", line 88, in import_module
    return _bootstrap._gcd_import(name[level:], package, level)
           ~~~~~~~~~~~~~~~~~~~~~~^^^^^^^^^^^^^^^^^^^^^^^^^^^^^^
  File "<frozen importlib._bootstrap>", line 1398, in _gcd_import
  File "<frozen importlib._bootstrap>", line 1371, in _find_and_load
  File "<frozen importlib._bootstrap>", line 1314, in _find_and_load_unlocked
  File "<frozen importlib._bootstrap>", line 491, in _call_with_frames_removed
  File "<frozen importlib._bootstrap>", line 1398, in _gcd_import
  File "<frozen importlib._bootstrap>", line 1371, in _find_and_load
  File "<frozen importlib._bootstrap>", line 1335, in _find_and_load_unlocked
ModuleNotFoundError: No module named 'sales_tracking'
2026-06-22 09:26:42,542 ERROR frappe New Exception collected in error log
Site: site1.local
Form Dict: {'message': 'open client script', 'conversation_id': 'vcmlrvi9k2', 'cmd': 'ai_bot.api.chat.ask'}
2026-06-22 10:27:12,414 ERROR frappe New Exception collected in error log
Site: site1.local
Form Dict: {'name': '2pf1fntu2u', 'force_send': 'true', 'cmd': 'frappe.email.doctype.email_queue.email_queue.send_now'}
2026-06-22 10:28:55,259 ERROR frappe New Exception collected in error log
Site: site1.local
Form Dict: {'name': '3rdkft86rt', 'force_send': 'true', 'cmd': 'frappe.email.doctype.email_queue.email_queue.send_now'}
2026-06-22 10:30:38,473 ERROR frappe Error while inserting deferred Error Log record: Error Log 50gldjd522: 'Title' ({'Administrator': (553, b'5.1.3 The recipient address  is not a valid RFC 5321 address.\n5.1.3 For more information, go to\n5.1.3  https://support.google.com/a/answer/3221692 and review RFC 5321\n5.1.3 specifications. d2e1a72fcca58-84564ef4c09sm7932321b3a.61 - gsmtp')}) will get truncated, as max characters allowed is 140
Site: site1.local
Form Dict: {}
2026-06-22 10:30:38,476 ERROR frappe Error while inserting deferred Error Log record: Error Log 50gjr6rt6j: 'Title' ({'Administrator': (553, b'5.1.3 The recipient address  is not a valid RFC 5321 address.\n5.1.3 For more information, go to\n5.1.3  https://support.google.com/a/answer/3221692 and review RFC 5321\n5.1.3 specifications. d2e1a72fcca58-84564e745cfsm7082040b3a.31 - gsmtp')}) will get truncated, as max characters allowed is 140
Site: site1.local
Form Dict: {}
2026-06-22 10:46:37,718 ERROR frappe New Exception collected in error log
Site: site1.local
Form Dict: {'doc': '{"name":"CRM Lead Welcome Pack","owner":"Administrator","creation":"2026-06-22 15:22:28.730538","modified":"2026-06-22 16:15:22.793507","modified_by":"Administrator","docstatus":0,"idx":2,"flow_name":"CRM Lead Welcome Pack","is_active":1,"status":"Active","category":"CRM","trigger_type":"Document Event","document_type":"Lead","trigger_event":"after_insert","flow_json":"","description":"When a Lead is created, assign to sales executive and send welcome email.","doctype":"FF Flow Automation","__last_sync_on":"2026-06-22T10:46:21.352Z","__unsaved":1}', 'action': 'Save', 'cmd': 'frappe.desk.form.save.savedocs'}
2026-08-01 08:28:49,011 ERROR frappe New Exception collected in error log
Site: site1.local
Form Dict: {'docs': '{"name":"PENDING-SN","owner":"Administrator","creation":"2026-08-01 12:58:22.232293","modified":"2026-08-01 12:58:22.232293","modified_by":"Administrator","docstatus":0,"idx":0,"device_name":"PT/BF/OFC/PM/01","serial_number":"PENDING-SN","enabled":1,"connection_mode":"ADMS Push","ip_address":"192.168.1.183","tcp_port":4370,"mac_address":"00:17:61:12:0c:cd","platform":"ZMM220_TFT","firmware_version":"8.0.4.7-20230726","push_service":"2.0.33S-20220623","face_algorithm":"Face VX7.0","fingerprint_algorithm":"Finger VX10.0","notes":"Cloud Server Setting on device: Server Mode=ADMS, Server Port=8081.\\nSet Server Address to your Frappe host IP (currently 0.0.0.0 on device).\\nReplace PENDING-SN with the real device Serial Number (System Info).","doctype":"Biometric Device","__last_sync_on":"2026-08-01T08:28:44.494Z"}', 'method': 'test_connection', 'cmd': 'run_doc_method'}
2026-08-01 08:28:52,673 ERROR frappe New Exception collected in error log
Site: site1.local
Form Dict: {'docs': '{"name":"PENDING-SN","owner":"Administrator","creation":"2026-08-01 12:58:22.232293","modified":"2026-08-01 12:58:22.232293","modified_by":"Administrator","docstatus":0,"idx":0,"device_name":"PT/BF/OFC/PM/01","serial_number":"PENDING-SN","enabled":1,"connection_mode":"ADMS Push","ip_address":"192.168.1.183","tcp_port":4370,"mac_address":"00:17:61:12:0c:cd","platform":"ZMM220_TFT","firmware_version":"8.0.4.7-20230726","push_service":"2.0.33S-20220623","face_algorithm":"Face VX7.0","fingerprint_algorithm":"Finger VX10.0","notes":"Cloud Server Setting on device: Server Mode=ADMS, Server Port=8081.\\nSet Server Address to your Frappe host IP (currently 0.0.0.0 on device).\\nReplace PENDING-SN with the real device Serial Number (System Info).","doctype":"Biometric Device","__last_sync_on":"2026-08-01T08:28:44.494Z"}', 'method': 'test_connection', 'cmd': 'run_doc_method'}
2026-08-01 08:29:05,063 ERROR frappe New Exception collected in error log
Site: site1.local
Form Dict: {'docs': '{"name":"PENDING-SN","owner":"Administrator","creation":"2026-08-01 12:58:22.232293","modified":"2026-08-01 12:58:22.232293","modified_by":"Administrator","docstatus":0,"idx":0,"device_name":"PT/BF/OFC/PM/01","serial_number":"PENDING-SN","enabled":1,"connection_mode":"ADMS Push","ip_address":"192.168.1.183","tcp_port":4370,"mac_address":"00:17:61:12:0c:cd","platform":"ZMM220_TFT","firmware_version":"8.0.4.7-20230726","push_service":"2.0.33S-20220623","face_algorithm":"Face VX7.0","fingerprint_algorithm":"Finger VX10.0","notes":"Cloud Server Setting on device: Server Mode=ADMS, Server Port=8081.\\nSet Server Address to your Frappe host IP (currently 0.0.0.0 on device).\\nReplace PENDING-SN with the real device Serial Number (System Info).","doctype":"Biometric Device","__last_sync_on":"2026-08-01T08:28:44.494Z"}', 'method': 'sync_users', 'cmd': 'run_doc_method'}
2026-08-03 04:16:01,804 ERROR frappe New Exception collected in error log
Site: site1.local
Form Dict: {'docs': '{"name":"PENDING-SN","owner":"Administrator","creation":"2026-08-01 12:58:22.232293","modified":"2026-08-01 12:58:22.232293","modified_by":"Administrator","docstatus":0,"idx":0,"device_name":"PT/BF/OFC/PM/01","serial_number":"PENDING-SN","enabled":1,"connection_mode":"ADMS Push","ip_address":"192.168.1.183","tcp_port":4370,"mac_address":"00:17:61:12:0c:cd","platform":"ZMM220_TFT","firmware_version":"8.0.4.7-20230726","push_service":"2.0.33S-20220623","face_algorithm":"Face VX7.0","fingerprint_algorithm":"Finger VX10.0","notes":"Cloud Server Setting on device: Server Mode=ADMS, Server Port=8081.\\nSet Server Address to your Frappe host IP (currently 0.0.0.0 on device).\\nReplace PENDING-SN with the real device Serial Number (System Info).","doctype":"Biometric Device","__last_sync_on":"2026-08-03T04:14:24.821Z"}', 'method': 'sync_users', 'cmd': 'run_doc_method'}
2026-08-03 08:36:32,163 ERROR frappe New Exception collected in error log
Site: site1.local
Form Dict: {'docs': '{"name":"JNP2241600886","owner":"Administrator","creation":"2026-08-03 14:06:09.376912","modified":"2026-08-03 14:06:09.376912","modified_by":"Administrator","docstatus":0,"idx":0,"device_name":"PT/BF/OFC/PM/01","serial_number":"JNP2241600886","enabled":1,"connection_mode":"ADMS Push","ip_address":"192.168.1.183","tcp_port":4370,"location":null,"last_seen":null,"last_att_stamp":null,"last_sync":null,"mac_address":"00:17:61:12:0c:cd","platform":"ZMM220_TFT","firmware_version":"8.0.4.7-20230726","push_service":"2.0.33S-20220623","face_algorithm":"Face VX7.0","fingerprint_algorithm":"Finger VX10.0","notes":"Cloud Server Setting on device: Server Mode=ADMS, Server Port=8081.\\nSet Server Address to your Frappe host IP (currently 0.0.0.0 on device).\\nReplace PENDING-SN with the real device Serial Number (System Info).","doctype":"Biometric Device","__last_sync_on":"2026-08-03T08:36:12.963Z"}', 'method': 'test_connection', 'cmd': 'run_doc_method'}
2026-08-03 08:36:43,522 ERROR frappe New Exception collected in error log
Site: site1.local
Form Dict: {'docs': '{"name":"JNP2241600886","owner":"Administrator","creation":"2026-08-03 14:06:09.376912","modified":"2026-08-03 14:06:09.376912","modified_by":"Administrator","docstatus":0,"idx":0,"device_name":"PT/BF/OFC/PM/01","serial_number":"JNP2241600886","enabled":1,"connection_mode":"ADMS Push","ip_address":"192.168.1.183","tcp_port":4370,"location":null,"last_seen":null,"last_att_stamp":null,"last_sync":null,"mac_address":"00:17:61:12:0c:cd","platform":"ZMM220_TFT","firmware_version":"8.0.4.7-20230726","push_service":"2.0.33S-20220623","face_algorithm":"Face VX7.0","fingerprint_algorithm":"Finger VX10.0","notes":"Cloud Server Setting on device: Server Mode=ADMS, Server Port=8081.\\nSet Server Address to your Frappe host IP (currently 0.0.0.0 on device).\\nReplace PENDING-SN with the real device Serial Number (System Info).","doctype":"Biometric Device","__last_sync_on":"2026-08-03T08:36:12.963Z"}', 'method': 'test_connection', 'cmd': 'run_doc_method'}
2026-08-03 08:44:34,077 ERROR frappe New Exception collected in error log
Site: site1.local
Form Dict: {'device': 'JNP2241600886', 'cmd': 'biometric_integration.api.pull_device'}
2026-08-03 11:41:51,177 ERROR frappe New Exception collected in error log
Site: site1.local
Form Dict: {'device': 'JNP2241600886', 'cmd': 'biometric_integration.api.pull_device'}
2026-08-04 10:51:37,902 ERROR frappe New Exception collected in error log
Site: site1.local
Form Dict: {'device': 'JNP2241600886', 'cmd': 'biometric_integration.api.pull_device'}
2026-08-06 05:55:11,955 ERROR frappe New Exception collected in error log
Site: site1.local
Form Dict: {'device': 'NYU7254601554', 'cmd': 'biometric_integration.api.pull_device'}
