2026-08-21 15:29:27,959 INFO ipython print("enabled:", frappe.db.get_single_value("Easy TimePro Settings","enabled"))
2026-08-21 15:29:27,964 INFO ipython print("last sync:", frappe.db.get_single_value("Easy TimePro Settings","last_sync_on"), frappe.db.get_single_value("Easy TimePro Settings","last_sync_message"))
2026-08-21 15:29:27,964 INFO ipython === session end ===
2026-08-21 15:42:45,314 INFO ipython === bench console session ===
2026-08-21 15:42:45,315 INFO ipython import frappe
2026-08-21 15:42:45,316 INFO ipython from easytimepro.easy_timepro.report.easy_timepro_daily_attendance.easy_timepro_daily_attendance import execute
2026-08-21 15:42:45,316 INFO ipython from frappe.utils import getdate, add_days
2026-08-21 15:42:45,316 INFO ipython print("report exists:", frappe.db.exists("Report", "Easy TimePro Daily Attendance"))
2026-08-21 15:42:45,316 INFO ipython cols, data, msg, chart, summary = execute({"from_date": add_days(getdate(), -7), "to_date": getdate()})
2026-08-21 15:42:45,316 INFO ipython print("rows:", len(data), "summary:", [s["label"] for s in (summary or [])])
2026-08-21 15:42:45,316 INFO ipython print("chart:", bool(chart))
2026-08-21 15:42:45,316 INFO ipython if data[:2]:
    print("sample:", data[0])
ws = frappe.get_doc("Workspace", "Easy TimePro")
2026-08-21 15:42:45,316 INFO ipython print("shortcuts:", [s.label for s in ws.shortcuts])
2026-08-21 15:42:45,316 INFO ipython === session end ===
2026-08-21 15:47:54,938 INFO ipython === bench console session ===
2026-08-21 15:47:54,938 INFO ipython from easytimepro.easy_timepro.report.easy_timepro_daily_attendance.easy_timepro_daily_attendance import execute
2026-08-21 15:47:54,938 INFO ipython from frappe.utils import getdate, add_days
2026-08-21 15:47:54,938 INFO ipython cols, data, msg, chart, summary = execute({"from_date": add_days(getdate(), -7), "to_date": getdate()})
2026-08-21 15:47:54,938 INFO ipython print("cols:", [c["label"] for c in cols])
2026-08-21 15:47:54,938 INFO ipython print("rows", len(data), "chart", chart and chart.get("type"), "summary", len(summary or []))
2026-08-21 15:47:54,938 INFO ipython print("banner ok", "etp-report-banner" in (msg or ""))
2026-08-21 15:47:54,938 INFO ipython === session end ===
2026-08-21 16:06:05,382 INFO ipython === bench console session ===
2026-08-21 16:06:05,382 INFO ipython import frappe
2026-08-21 16:06:05,382 INFO ipython from easytimepro.easy_timepro.analytics import get_workspace_kpis
2026-08-21 16:06:05,382 INFO ipython print("block", frappe.db.exists("Custom HTML Block", "ETP Analytics KPIs"))
2026-08-21 16:06:05,382 INFO ipython ws = frappe.get_doc("Workspace", "Easy TimePro")
2026-08-21 16:06:05,382 INFO ipython ids = [c.get("id") for c in frappe.parse_json(ws.content)]
2026-08-21 16:06:05,383 INFO ipython print("workspace ids", ids)
2026-08-21 16:06:05,383 INFO ipython print("custom_blocks", [r.custom_block_name for r in ws.custom_blocks])
2026-08-21 16:06:05,383 INFO ipython k = get_workspace_kpis()
2026-08-21 16:06:05,383 INFO ipython print({k2: k[k2] for k2 in ("present_today","complete_today","still_in","avg_hours","punches_week","presence_rate")})
2026-08-21 16:06:05,383 INFO ipython print("week", k["week_labels"], k["week_totals"])
2026-08-21 16:06:05,383 INFO ipython === session end ===
