2026-08-21 17:14:27,547 ERROR scheduler Skipped queueing frappe.website.doctype.web_page.web_page.check_publish_status because it was found in queue for site1.local
2026-08-21 17:14:27,558 ERROR scheduler Skipped queueing hrms.hr.doctype.shift_type.shift_type.process_auto_attendance_for_all_shifts because it was found in queue for site1.local
2026-08-21 17:14:27,565 ERROR scheduler Skipped queueing frappe.model.utils.user_settings.sync_user_settings because it was found in queue for site1.local
2026-08-21 17:14:27,570 ERROR scheduler Skipped queueing frappe.oauth.delete_oauth2_data because it was found in queue for site1.local
2026-08-21 17:14:27,591 ERROR scheduler Skipped queueing frappe.twofactor.delete_all_barcodes_for_users because it was found in queue for site1.local
2026-08-21 17:14:27,594 ERROR scheduler Skipped queueing hrms.hr.doctype.shift_type.shift_type.update_last_sync_of_checkin because it was found in queue for site1.local
2026-08-21 17:14:27,603 ERROR scheduler Skipped queueing erpnext.erpnext_integrations.doctype.plaid_settings.plaid_settings.automatic_synchronization because it was found in queue for site1.local
2026-08-21 17:14:27,608 ERROR scheduler Skipped queueing frappe.website.doctype.personal_data_deletion_request.personal_data_deletion_request.process_data_deletion_request because it was found in queue for site1.local
2026-08-21 17:14:27,614 ERROR scheduler Skipped queueing frappe.desk.page.backups.backups.delete_downloadable_backups because it was found in queue for site1.local
2026-08-21 17:14:27,627 ERROR scheduler Skipped queueing erpnext.stock.doctype.repost_item_valuation.repost_item_valuation.repost_entries because it was found in queue for site1.local
2026-08-21 17:15:24,007 ERROR scheduler Skipped queueing frappe.oauth.delete_oauth2_data because it was found in queue for site1.local
2026-08-21 17:15:24,015 ERROR scheduler Skipped queueing frappe.website.doctype.web_page.web_page.check_publish_status because it was found in queue for site1.local
2026-08-21 17:15:24,025 ERROR scheduler Skipped queueing frappe.desk.form.document_follow.send_hourly_updates because it was found in queue for site1.local
2026-08-21 17:15:24,029 ERROR scheduler Skipped queueing frappe.desk.page.backups.backups.delete_downloadable_backups because it was found in queue for site1.local
2026-08-21 17:15:24,044 ERROR scheduler Skipped queueing hrms.hr.doctype.shift_type.shift_type.update_last_sync_of_checkin because it was found in queue for site1.local
2026-08-21 17:15:24,049 ERROR scheduler Skipped queueing erpnext.projects.doctype.project.project.collect_project_status because it was found in queue for site1.local
2026-08-21 17:15:24,059 ERROR scheduler Skipped queueing frappe.twofactor.delete_all_barcodes_for_users because it was found in queue for site1.local
2026-08-21 17:15:24,070 ERROR scheduler Skipped queueing hrms.hr.doctype.shift_type.shift_type.process_auto_attendance_for_all_shifts because it was found in queue for site1.local
2026-08-21 17:15:24,078 ERROR scheduler Skipped queueing frappe.website.doctype.personal_data_deletion_request.personal_data_deletion_request.process_data_deletion_request because it was found in queue for site1.local
2026-08-21 17:15:24,088 ERROR scheduler Skipped queueing frappe.model.utils.user_settings.sync_user_settings because it was found in queue for site1.local
2026-08-21 17:15:24,092 ERROR scheduler Skipped queueing erpnext.utilities.doctype.video.video.update_youtube_data because it was found in queue for site1.local
2026-08-21 17:15:24,095 ERROR scheduler Skipped queueing erpnext.erpnext_integrations.doctype.plaid_settings.plaid_settings.automatic_synchronization because it was found in queue for site1.local
2026-08-21 17:15:24,104 ERROR scheduler Skipped queueing frappe.desk.utils.delete_old_exported_report_files because it was found in queue for site1.local
2026-08-21 17:15:24,108 ERROR scheduler Skipped queueing erpnext.stock.doctype.repost_item_valuation.repost_item_valuation.repost_entries because it was found in queue for site1.local
2026-08-21 17:15:24,110 ERROR scheduler Skipped queueing frappe.core.doctype.prepared_report.prepared_report.expire_stalled_report because it was found in queue for site1.local
2026-08-21 17:15:24,116 ERROR scheduler Skipped queueing erpnext.projects.doctype.project.project.project_status_update_reminder because it was found in queue for site1.local
2026-08-21 17:15:24,153 ERROR scheduler Skipped queueing erpnext.utilities.bulk_transaction.retry because it was found in queue for site1.local
2026-08-21 17:15:24,159 ERROR scheduler Skipped queueing hrms.hr.doctype.shift_schedule_assignment.shift_schedule_assignment.process_auto_shift_creation because it was found in queue for site1.local
2026-08-21 17:16:20,659 ERROR scheduler Skipped queueing frappe.twofactor.delete_all_barcodes_for_users because it was found in queue for site1.local
2026-08-21 17:16:20,684 ERROR scheduler Skipped queueing frappe.desk.utils.delete_old_exported_report_files because it was found in queue for site1.local
2026-08-21 17:16:20,708 ERROR scheduler Skipped queueing frappe.desk.page.backups.backups.delete_downloadable_backups because it was found in queue for site1.local
2026-08-21 17:16:20,714 ERROR scheduler Skipped queueing hrms.hr.doctype.shift_schedule_assignment.shift_schedule_assignment.process_auto_shift_creation because it was found in queue for site1.local
2026-08-21 17:16:20,722 ERROR scheduler Skipped queueing frappe.oauth.delete_oauth2_data because it was found in queue for site1.local
2026-08-21 17:16:20,727 ERROR scheduler Skipped queueing frappe.website.doctype.personal_data_deletion_request.personal_data_deletion_request.process_data_deletion_request because it was found in queue for site1.local
2026-08-21 17:16:20,740 ERROR scheduler Skipped queueing erpnext.utilities.bulk_transaction.retry because it was found in queue for site1.local
2026-08-21 17:16:20,746 ERROR scheduler Skipped queueing erpnext.stock.doctype.repost_item_valuation.repost_item_valuation.repost_entries because it was found in queue for site1.local
2026-08-21 17:16:20,750 ERROR scheduler Skipped queueing hrms.hr.doctype.shift_type.shift_type.update_last_sync_of_checkin because it was found in queue for site1.local
2026-08-21 17:16:20,752 ERROR scheduler Skipped queueing erpnext.erpnext_integrations.doctype.plaid_settings.plaid_settings.automatic_synchronization because it was found in queue for site1.local
2026-08-21 17:16:20,756 ERROR scheduler Skipped queueing erpnext.projects.doctype.project.project.collect_project_status because it was found in queue for site1.local
2026-08-21 17:16:20,765 ERROR scheduler Skipped queueing frappe.desk.form.document_follow.send_hourly_updates because it was found in queue for site1.local
2026-08-21 17:16:20,782 ERROR scheduler Skipped queueing erpnext.projects.doctype.project.project.project_status_update_reminder because it was found in queue for site1.local
2026-08-21 17:16:20,789 ERROR scheduler Skipped queueing hrms.hr.doctype.shift_type.shift_type.process_auto_attendance_for_all_shifts because it was found in queue for site1.local
2026-08-21 17:16:20,792 ERROR scheduler Skipped queueing frappe.website.doctype.web_page.web_page.check_publish_status because it was found in queue for site1.local
2026-08-21 17:16:20,802 ERROR scheduler Skipped queueing frappe.model.utils.user_settings.sync_user_settings because it was found in queue for site1.local
2026-08-21 17:16:20,806 ERROR scheduler Skipped queueing frappe.core.doctype.prepared_report.prepared_report.expire_stalled_report because it was found in queue for site1.local
2026-08-21 17:16:20,823 ERROR scheduler Skipped queueing erpnext.utilities.doctype.video.video.update_youtube_data because it was found in queue for site1.local
2026-08-21 17:17:17,362 ERROR scheduler Skipped queueing hrms.hr.doctype.shift_type.shift_type.process_auto_attendance_for_all_shifts because it was found in queue for site1.local
2026-08-21 17:17:17,364 ERROR scheduler Skipped queueing erpnext.erpnext_integrations.doctype.plaid_settings.plaid_settings.automatic_synchronization because it was found in queue for site1.local
2026-08-21 17:17:17,366 ERROR scheduler Skipped queueing frappe.desk.form.document_follow.send_hourly_updates because it was found in queue for site1.local
2026-08-21 17:17:17,367 ERROR scheduler Skipped queueing frappe.website.doctype.personal_data_deletion_request.personal_data_deletion_request.process_data_deletion_request because it was found in queue for site1.local
2026-08-21 17:17:17,380 ERROR scheduler Skipped queueing erpnext.utilities.doctype.video.video.update_youtube_data because it was found in queue for site1.local
2026-08-21 17:17:17,397 ERROR scheduler Skipped queueing erpnext.projects.doctype.project.project.collect_project_status because it was found in queue for site1.local
2026-08-21 17:17:17,417 ERROR scheduler Skipped queueing erpnext.utilities.bulk_transaction.retry because it was found in queue for site1.local
2026-08-21 17:17:17,430 ERROR scheduler Skipped queueing frappe.model.utils.user_settings.sync_user_settings because it was found in queue for site1.local
2026-08-21 17:17:17,444 ERROR scheduler Skipped queueing frappe.desk.utils.delete_old_exported_report_files because it was found in queue for site1.local
2026-08-21 17:17:17,446 ERROR scheduler Skipped queueing frappe.desk.page.backups.backups.delete_downloadable_backups because it was found in queue for site1.local
2026-08-21 17:17:17,449 ERROR scheduler Skipped queueing hrms.hr.doctype.shift_type.shift_type.update_last_sync_of_checkin because it was found in queue for site1.local
2026-08-21 17:17:17,454 ERROR scheduler Skipped queueing frappe.core.doctype.prepared_report.prepared_report.expire_stalled_report because it was found in queue for site1.local
2026-08-21 17:17:17,457 ERROR scheduler Skipped queueing frappe.twofactor.delete_all_barcodes_for_users because it was found in queue for site1.local
2026-08-21 17:17:17,464 ERROR scheduler Skipped queueing frappe.website.doctype.web_page.web_page.check_publish_status because it was found in queue for site1.local
2026-08-21 17:17:17,482 ERROR scheduler Skipped queueing hrms.hr.doctype.shift_schedule_assignment.shift_schedule_assignment.process_auto_shift_creation because it was found in queue for site1.local
2026-08-21 17:17:17,489 ERROR scheduler Skipped queueing frappe.oauth.delete_oauth2_data because it was found in queue for site1.local
2026-08-21 17:17:17,492 ERROR scheduler Skipped queueing erpnext.projects.doctype.project.project.project_status_update_reminder because it was found in queue for site1.local
2026-08-21 17:17:17,512 ERROR scheduler Skipped queueing erpnext.stock.doctype.repost_item_valuation.repost_item_valuation.repost_entries because it was found in queue for site1.local
2026-08-21 17:18:14,018 ERROR scheduler Skipped queueing erpnext.projects.doctype.project.project.collect_project_status because it was found in queue for site1.local
2026-08-21 17:18:14,027 ERROR scheduler Skipped queueing frappe.twofactor.delete_all_barcodes_for_users because it was found in queue for site1.local
2026-08-21 17:18:14,040 ERROR scheduler Skipped queueing frappe.desk.form.document_follow.send_hourly_updates because it was found in queue for site1.local
2026-08-21 17:18:14,043 ERROR scheduler Skipped queueing erpnext.projects.doctype.project.project.project_status_update_reminder because it was found in queue for site1.local
2026-08-21 17:18:14,048 ERROR scheduler Skipped queueing erpnext.utilities.bulk_transaction.retry because it was found in queue for site1.local
2026-08-21 17:18:14,053 ERROR scheduler Skipped queueing hrms.hr.doctype.shift_type.shift_type.update_last_sync_of_checkin because it was found in queue for site1.local
2026-08-21 17:18:14,057 ERROR scheduler Skipped queueing erpnext.stock.doctype.repost_item_valuation.repost_item_valuation.repost_entries because it was found in queue for site1.local
2026-08-21 17:18:14,065 ERROR scheduler Skipped queueing hrms.hr.doctype.shift_type.shift_type.process_auto_attendance_for_all_shifts because it was found in queue for site1.local
2026-08-21 17:18:14,070 ERROR scheduler Skipped queueing erpnext.utilities.doctype.video.video.update_youtube_data because it was found in queue for site1.local
2026-08-21 17:18:14,073 ERROR scheduler Skipped queueing frappe.desk.page.backups.backups.delete_downloadable_backups because it was found in queue for site1.local
2026-08-21 17:18:14,077 ERROR scheduler Skipped queueing frappe.desk.utils.delete_old_exported_report_files because it was found in queue for site1.local
2026-08-21 17:18:14,082 ERROR scheduler Skipped queueing erpnext.erpnext_integrations.doctype.plaid_settings.plaid_settings.automatic_synchronization because it was found in queue for site1.local
2026-08-21 17:18:14,085 ERROR scheduler Skipped queueing frappe.website.doctype.web_page.web_page.check_publish_status because it was found in queue for site1.local
2026-08-21 17:18:14,088 ERROR scheduler Skipped queueing hrms.hr.doctype.shift_schedule_assignment.shift_schedule_assignment.process_auto_shift_creation because it was found in queue for site1.local
2026-08-21 17:18:14,098 ERROR scheduler Skipped queueing frappe.model.utils.user_settings.sync_user_settings because it was found in queue for site1.local
2026-08-21 17:18:14,117 ERROR scheduler Skipped queueing frappe.oauth.delete_oauth2_data because it was found in queue for site1.local
2026-08-21 17:18:14,120 ERROR scheduler Skipped queueing frappe.website.doctype.personal_data_deletion_request.personal_data_deletion_request.process_data_deletion_request because it was found in queue for site1.local
2026-08-21 17:18:14,122 ERROR scheduler Skipped queueing frappe.core.doctype.prepared_report.prepared_report.expire_stalled_report because it was found in queue for site1.local
2026-08-21 17:19:12,386 ERROR scheduler Skipped queueing frappe.model.utils.user_settings.sync_user_settings because it was found in queue for site1.local
2026-08-21 17:19:12,389 ERROR scheduler Skipped queueing hrms.hr.doctype.shift_schedule_assignment.shift_schedule_assignment.process_auto_shift_creation because it was found in queue for site1.local
2026-08-21 17:19:12,392 ERROR scheduler Skipped queueing erpnext.stock.doctype.repost_item_valuation.repost_item_valuation.repost_entries because it was found in queue for site1.local
2026-08-21 17:19:12,399 ERROR scheduler Skipped queueing frappe.desk.page.backups.backups.delete_downloadable_backups because it was found in queue for site1.local
2026-08-21 17:19:12,406 ERROR scheduler Skipped queueing frappe.oauth.delete_oauth2_data because it was found in queue for site1.local
2026-08-21 17:19:12,411 ERROR scheduler Skipped queueing erpnext.erpnext_integrations.doctype.plaid_settings.plaid_settings.automatic_synchronization because it was found in queue for site1.local
2026-08-21 17:19:12,427 ERROR scheduler Skipped queueing hrms.hr.doctype.shift_type.shift_type.process_auto_attendance_for_all_shifts because it was found in queue for site1.local
2026-08-21 17:19:12,429 ERROR scheduler Skipped queueing frappe.desk.utils.delete_old_exported_report_files because it was found in queue for site1.local
2026-08-21 17:19:12,431 ERROR scheduler Skipped queueing hrms.hr.doctype.shift_type.shift_type.update_last_sync_of_checkin because it was found in queue for site1.local
2026-08-21 17:19:12,446 ERROR scheduler Skipped queueing frappe.website.doctype.personal_data_deletion_request.personal_data_deletion_request.process_data_deletion_request because it was found in queue for site1.local
2026-08-21 17:19:12,450 ERROR scheduler Skipped queueing frappe.desk.form.document_follow.send_hourly_updates because it was found in queue for site1.local
2026-08-21 17:19:12,452 ERROR scheduler Skipped queueing erpnext.utilities.doctype.video.video.update_youtube_data because it was found in queue for site1.local
2026-08-21 17:19:12,454 ERROR scheduler Skipped queueing erpnext.projects.doctype.project.project.project_status_update_reminder because it was found in queue for site1.local
2026-08-21 17:19:12,457 ERROR scheduler Skipped queueing frappe.twofactor.delete_all_barcodes_for_users because it was found in queue for site1.local
2026-08-21 17:19:12,459 ERROR scheduler Skipped queueing erpnext.utilities.bulk_transaction.retry because it was found in queue for site1.local
2026-08-21 17:19:12,474 ERROR scheduler Skipped queueing erpnext.projects.doctype.project.project.collect_project_status because it was found in queue for site1.local
2026-08-21 17:19:12,481 ERROR scheduler Skipped queueing frappe.website.doctype.web_page.web_page.check_publish_status because it was found in queue for site1.local
2026-08-21 17:19:12,485 ERROR scheduler Skipped queueing frappe.core.doctype.prepared_report.prepared_report.expire_stalled_report because it was found in queue for site1.local
2026-08-21 17:20:08,762 ERROR scheduler Skipped queueing frappe.model.utils.user_settings.sync_user_settings because it was found in queue for site1.local
2026-08-21 17:20:08,775 ERROR scheduler Skipped queueing frappe.desk.page.backups.backups.delete_downloadable_backups because it was found in queue for site1.local
2026-08-21 17:20:08,801 ERROR scheduler Skipped queueing hrms.hr.doctype.shift_schedule_assignment.shift_schedule_assignment.process_auto_shift_creation because it was found in queue for site1.local
2026-08-21 17:20:08,805 ERROR scheduler Skipped queueing frappe.desk.utils.delete_old_exported_report_files because it was found in queue for site1.local
2026-08-21 17:20:08,816 ERROR scheduler Skipped queueing frappe.twofactor.delete_all_barcodes_for_users because it was found in queue for site1.local
2026-08-21 17:20:08,819 ERROR scheduler Skipped queueing frappe.website.doctype.web_page.web_page.check_publish_status because it was found in queue for site1.local
2026-08-21 17:20:08,820 ERROR scheduler Skipped queueing frappe.oauth.delete_oauth2_data because it was found in queue for site1.local
2026-08-21 17:20:08,828 ERROR scheduler Skipped queueing erpnext.erpnext_integrations.doctype.plaid_settings.plaid_settings.automatic_synchronization because it was found in queue for site1.local
2026-08-21 17:20:08,835 ERROR scheduler Skipped queueing erpnext.utilities.doctype.video.video.update_youtube_data because it was found in queue for site1.local
2026-08-21 17:20:08,843 ERROR scheduler Skipped queueing frappe.desk.form.document_follow.send_hourly_updates because it was found in queue for site1.local
2026-08-21 17:20:08,848 ERROR scheduler Skipped queueing erpnext.stock.doctype.repost_item_valuation.repost_item_valuation.repost_entries because it was found in queue for site1.local
2026-08-21 17:20:08,851 ERROR scheduler Skipped queueing frappe.core.doctype.prepared_report.prepared_report.expire_stalled_report because it was found in queue for site1.local
2026-08-21 17:20:08,853 ERROR scheduler Skipped queueing erpnext.utilities.bulk_transaction.retry because it was found in queue for site1.local
2026-08-21 17:20:08,860 ERROR scheduler Skipped queueing hrms.hr.doctype.shift_type.shift_type.process_auto_attendance_for_all_shifts because it was found in queue for site1.local
2026-08-21 17:20:08,871 ERROR scheduler Skipped queueing frappe.website.doctype.personal_data_deletion_request.personal_data_deletion_request.process_data_deletion_request because it was found in queue for site1.local
2026-08-21 17:20:08,877 ERROR scheduler Skipped queueing erpnext.projects.doctype.project.project.collect_project_status because it was found in queue for site1.local
2026-08-21 17:20:08,885 ERROR scheduler Skipped queueing hrms.hr.doctype.shift_type.shift_type.update_last_sync_of_checkin because it was found in queue for site1.local
2026-08-21 17:20:08,886 ERROR scheduler Skipped queueing erpnext.projects.doctype.project.project.project_status_update_reminder because it was found in queue for site1.local
2026-08-21 17:21:05,345 ERROR scheduler Skipped queueing frappe.twofactor.delete_all_barcodes_for_users because it was found in queue for site1.local
2026-08-21 17:21:05,347 ERROR scheduler Skipped queueing erpnext.utilities.doctype.video.video.update_youtube_data because it was found in queue for site1.local
2026-08-21 17:21:05,372 ERROR scheduler Skipped queueing frappe.desk.form.document_follow.send_hourly_updates because it was found in queue for site1.local
2026-08-21 17:21:05,387 ERROR scheduler Skipped queueing frappe.oauth.delete_oauth2_data because it was found in queue for site1.local
2026-08-21 17:21:05,400 ERROR scheduler Skipped queueing frappe.core.doctype.prepared_report.prepared_report.expire_stalled_report because it was found in queue for site1.local
2026-08-21 17:21:05,417 ERROR scheduler Skipped queueing hrms.hr.doctype.shift_type.shift_type.update_last_sync_of_checkin because it was found in queue for site1.local
2026-08-21 17:21:05,420 ERROR scheduler Skipped queueing erpnext.utilities.bulk_transaction.retry because it was found in queue for site1.local
2026-08-21 17:21:05,422 ERROR scheduler Skipped queueing erpnext.projects.doctype.project.project.project_status_update_reminder because it was found in queue for site1.local
2026-08-21 17:21:05,428 ERROR scheduler Skipped queueing frappe.desk.page.backups.backups.delete_downloadable_backups because it was found in queue for site1.local
2026-08-21 17:21:05,435 ERROR scheduler Skipped queueing erpnext.stock.doctype.repost_item_valuation.repost_item_valuation.repost_entries because it was found in queue for site1.local
2026-08-21 17:21:05,437 ERROR scheduler Skipped queueing hrms.hr.doctype.shift_type.shift_type.process_auto_attendance_for_all_shifts because it was found in queue for site1.local
2026-08-21 17:21:05,443 ERROR scheduler Skipped queueing erpnext.erpnext_integrations.doctype.plaid_settings.plaid_settings.automatic_synchronization because it was found in queue for site1.local
2026-08-21 17:21:05,447 ERROR scheduler Skipped queueing frappe.website.doctype.personal_data_deletion_request.personal_data_deletion_request.process_data_deletion_request because it was found in queue for site1.local
2026-08-21 17:21:05,454 ERROR scheduler Skipped queueing frappe.website.doctype.web_page.web_page.check_publish_status because it was found in queue for site1.local
2026-08-21 17:21:05,457 ERROR scheduler Skipped queueing frappe.model.utils.user_settings.sync_user_settings because it was found in queue for site1.local
2026-08-21 17:21:05,460 ERROR scheduler Skipped queueing hrms.hr.doctype.shift_schedule_assignment.shift_schedule_assignment.process_auto_shift_creation because it was found in queue for site1.local
2026-08-21 17:21:05,462 ERROR scheduler Skipped queueing erpnext.projects.doctype.project.project.collect_project_status because it was found in queue for site1.local
2026-08-21 17:21:05,466 ERROR scheduler Skipped queueing frappe.desk.utils.delete_old_exported_report_files because it was found in queue for site1.local
2026-08-21 17:22:01,893 ERROR scheduler Skipped queueing hrms.hr.doctype.shift_type.shift_type.process_auto_attendance_for_all_shifts because it was found in queue for site1.local
2026-08-21 17:22:01,907 ERROR scheduler Skipped queueing frappe.website.doctype.personal_data_deletion_request.personal_data_deletion_request.process_data_deletion_request because it was found in queue for site1.local
2026-08-21 17:22:01,912 ERROR scheduler Skipped queueing frappe.core.doctype.prepared_report.prepared_report.expire_stalled_report because it was found in queue for site1.local
2026-08-21 17:22:01,916 ERROR scheduler Skipped queueing frappe.desk.page.backups.backups.delete_downloadable_backups because it was found in queue for site1.local
2026-08-21 17:22:01,919 ERROR scheduler Skipped queueing frappe.twofactor.delete_all_barcodes_for_users because it was found in queue for site1.local
2026-08-21 17:22:01,953 ERROR scheduler Skipped queueing erpnext.erpnext_integrations.doctype.plaid_settings.plaid_settings.automatic_synchronization because it was found in queue for site1.local
2026-08-21 17:22:01,970 ERROR scheduler Skipped queueing erpnext.utilities.doctype.video.video.update_youtube_data because it was found in queue for site1.local
2026-08-21 17:22:01,974 ERROR scheduler Skipped queueing erpnext.utilities.bulk_transaction.retry because it was found in queue for site1.local
2026-08-21 17:22:01,984 ERROR scheduler Skipped queueing erpnext.stock.doctype.repost_item_valuation.repost_item_valuation.repost_entries because it was found in queue for site1.local
2026-08-21 17:22:02,000 ERROR scheduler Skipped queueing frappe.oauth.delete_oauth2_data because it was found in queue for site1.local
2026-08-21 17:22:02,003 ERROR scheduler Skipped queueing frappe.model.utils.user_settings.sync_user_settings because it was found in queue for site1.local
2026-08-21 17:22:02,017 ERROR scheduler Skipped queueing frappe.desk.form.document_follow.send_hourly_updates because it was found in queue for site1.local
2026-08-21 17:22:02,019 ERROR scheduler Skipped queueing frappe.desk.utils.delete_old_exported_report_files because it was found in queue for site1.local
2026-08-21 17:22:02,025 ERROR scheduler Skipped queueing hrms.hr.doctype.shift_schedule_assignment.shift_schedule_assignment.process_auto_shift_creation because it was found in queue for site1.local
2026-08-21 17:22:02,039 ERROR scheduler Skipped queueing erpnext.projects.doctype.project.project.collect_project_status because it was found in queue for site1.local
2026-08-21 17:22:02,041 ERROR scheduler Skipped queueing hrms.hr.doctype.shift_type.shift_type.update_last_sync_of_checkin because it was found in queue for site1.local
2026-08-21 17:22:02,045 ERROR scheduler Skipped queueing frappe.website.doctype.web_page.web_page.check_publish_status because it was found in queue for site1.local
2026-08-21 17:22:02,055 ERROR scheduler Skipped queueing erpnext.projects.doctype.project.project.project_status_update_reminder because it was found in queue for site1.local
2026-08-21 17:22:59,471 ERROR scheduler Skipped queueing hrms.hr.doctype.shift_schedule_assignment.shift_schedule_assignment.process_auto_shift_creation because it was found in queue for site1.local
2026-08-21 17:22:59,476 ERROR scheduler Skipped queueing erpnext.projects.doctype.project.project.project_status_update_reminder because it was found in queue for site1.local
2026-08-21 17:22:59,480 ERROR scheduler Skipped queueing erpnext.utilities.bulk_transaction.retry because it was found in queue for site1.local
2026-08-21 17:22:59,483 ERROR scheduler Skipped queueing frappe.desk.utils.delete_old_exported_report_files because it was found in queue for site1.local
2026-08-21 17:22:59,497 ERROR scheduler Skipped queueing frappe.desk.page.backups.backups.delete_downloadable_backups because it was found in queue for site1.local
2026-08-21 17:22:59,505 ERROR scheduler Skipped queueing hrms.hr.doctype.shift_type.shift_type.process_auto_attendance_for_all_shifts because it was found in queue for site1.local
2026-08-21 17:22:59,507 ERROR scheduler Skipped queueing frappe.oauth.delete_oauth2_data because it was found in queue for site1.local
2026-08-21 17:22:59,512 ERROR scheduler Skipped queueing frappe.website.doctype.web_page.web_page.check_publish_status because it was found in queue for site1.local
2026-08-21 17:22:59,515 ERROR scheduler Skipped queueing frappe.twofactor.delete_all_barcodes_for_users because it was found in queue for site1.local
2026-08-21 17:22:59,517 ERROR scheduler Skipped queueing frappe.core.doctype.prepared_report.prepared_report.expire_stalled_report because it was found in queue for site1.local
2026-08-21 17:22:59,519 ERROR scheduler Skipped queueing erpnext.utilities.doctype.video.video.update_youtube_data because it was found in queue for site1.local
2026-08-21 17:22:59,521 ERROR scheduler Skipped queueing erpnext.erpnext_integrations.doctype.plaid_settings.plaid_settings.automatic_synchronization because it was found in queue for site1.local
2026-08-21 17:22:59,537 ERROR scheduler Skipped queueing frappe.desk.form.document_follow.send_hourly_updates because it was found in queue for site1.local
2026-08-21 17:22:59,544 ERROR scheduler Skipped queueing frappe.website.doctype.personal_data_deletion_request.personal_data_deletion_request.process_data_deletion_request because it was found in queue for site1.local
2026-08-21 17:22:59,553 ERROR scheduler Skipped queueing erpnext.projects.doctype.project.project.collect_project_status because it was found in queue for site1.local
2026-08-21 17:22:59,554 ERROR scheduler Skipped queueing frappe.model.utils.user_settings.sync_user_settings because it was found in queue for site1.local
2026-08-21 17:22:59,558 ERROR scheduler Skipped queueing erpnext.stock.doctype.repost_item_valuation.repost_item_valuation.repost_entries because it was found in queue for site1.local
2026-08-21 17:22:59,568 ERROR scheduler Skipped queueing hrms.hr.doctype.shift_type.shift_type.update_last_sync_of_checkin because it was found in queue for site1.local
2026-08-21 17:23:56,034 ERROR scheduler Skipped queueing erpnext.erpnext_integrations.doctype.plaid_settings.plaid_settings.automatic_synchronization because it was found in queue for site1.local
2026-08-21 17:23:56,038 ERROR scheduler Skipped queueing hrms.hr.doctype.shift_type.shift_type.process_auto_attendance_for_all_shifts because it was found in queue for site1.local
2026-08-21 17:23:56,056 ERROR scheduler Skipped queueing erpnext.utilities.bulk_transaction.retry because it was found in queue for site1.local
2026-08-21 17:23:56,063 ERROR scheduler Skipped queueing frappe.twofactor.delete_all_barcodes_for_users because it was found in queue for site1.local
2026-08-21 17:23:56,079 ERROR scheduler Skipped queueing frappe.website.doctype.personal_data_deletion_request.personal_data_deletion_request.process_data_deletion_request because it was found in queue for site1.local
2026-08-21 17:23:56,082 ERROR scheduler Skipped queueing frappe.website.doctype.web_page.web_page.check_publish_status because it was found in queue for site1.local
2026-08-21 17:23:56,089 ERROR scheduler Skipped queueing frappe.oauth.delete_oauth2_data because it was found in queue for site1.local
2026-08-21 17:23:56,093 ERROR scheduler Skipped queueing frappe.desk.form.document_follow.send_hourly_updates because it was found in queue for site1.local
2026-08-21 17:23:56,098 ERROR scheduler Skipped queueing erpnext.utilities.doctype.video.video.update_youtube_data because it was found in queue for site1.local
2026-08-21 17:23:56,104 ERROR scheduler Skipped queueing frappe.desk.page.backups.backups.delete_downloadable_backups because it was found in queue for site1.local
2026-08-21 17:23:56,110 ERROR scheduler Skipped queueing erpnext.projects.doctype.project.project.collect_project_status because it was found in queue for site1.local
2026-08-21 17:23:56,112 ERROR scheduler Skipped queueing erpnext.stock.doctype.repost_item_valuation.repost_item_valuation.repost_entries because it was found in queue for site1.local
2026-08-21 17:23:56,120 ERROR scheduler Skipped queueing frappe.desk.utils.delete_old_exported_report_files because it was found in queue for site1.local
2026-08-21 17:23:56,127 ERROR scheduler Skipped queueing frappe.model.utils.user_settings.sync_user_settings because it was found in queue for site1.local
2026-08-21 17:23:56,133 ERROR scheduler Skipped queueing hrms.hr.doctype.shift_schedule_assignment.shift_schedule_assignment.process_auto_shift_creation because it was found in queue for site1.local
2026-08-21 17:23:56,140 ERROR scheduler Skipped queueing frappe.core.doctype.prepared_report.prepared_report.expire_stalled_report because it was found in queue for site1.local
2026-08-21 17:23:56,143 ERROR scheduler Skipped queueing erpnext.projects.doctype.project.project.project_status_update_reminder because it was found in queue for site1.local
2026-08-21 17:23:56,149 ERROR scheduler Skipped queueing hrms.hr.doctype.shift_type.shift_type.update_last_sync_of_checkin because it was found in queue for site1.local
2026-08-21 17:24:51,817 ERROR scheduler Skipped queueing erpnext.utilities.doctype.video.video.update_youtube_data because it was found in queue for site1.local
2026-08-21 17:24:51,821 ERROR scheduler Skipped queueing erpnext.erpnext_integrations.doctype.plaid_settings.plaid_settings.automatic_synchronization because it was found in queue for site1.local
2026-08-21 17:24:51,836 ERROR scheduler Skipped queueing frappe.desk.form.document_follow.send_hourly_updates because it was found in queue for site1.local
2026-08-21 17:24:51,843 ERROR scheduler Skipped queueing frappe.core.doctype.prepared_report.prepared_report.expire_stalled_report because it was found in queue for site1.local
2026-08-21 17:24:51,845 ERROR scheduler Skipped queueing erpnext.projects.doctype.project.project.project_status_update_reminder because it was found in queue for site1.local
2026-08-21 17:24:51,852 ERROR scheduler Skipped queueing frappe.desk.utils.delete_old_exported_report_files because it was found in queue for site1.local
2026-08-21 17:24:51,857 ERROR scheduler Skipped queueing frappe.website.doctype.web_page.web_page.check_publish_status because it was found in queue for site1.local
2026-08-21 17:24:51,860 ERROR scheduler Skipped queueing frappe.twofactor.delete_all_barcodes_for_users because it was found in queue for site1.local
2026-08-21 17:24:51,874 ERROR scheduler Skipped queueing frappe.website.doctype.personal_data_deletion_request.personal_data_deletion_request.process_data_deletion_request because it was found in queue for site1.local
2026-08-21 17:24:51,877 ERROR scheduler Skipped queueing hrms.hr.doctype.shift_type.shift_type.process_auto_attendance_for_all_shifts because it was found in queue for site1.local
2026-08-21 17:24:51,881 ERROR scheduler Skipped queueing erpnext.projects.doctype.project.project.collect_project_status because it was found in queue for site1.local
2026-08-21 17:24:51,888 ERROR scheduler Skipped queueing erpnext.utilities.bulk_transaction.retry because it was found in queue for site1.local
2026-08-21 17:24:51,889 ERROR scheduler Skipped queueing erpnext.stock.doctype.repost_item_valuation.repost_item_valuation.repost_entries because it was found in queue for site1.local
2026-08-21 17:24:51,897 ERROR scheduler Skipped queueing hrms.hr.doctype.shift_type.shift_type.update_last_sync_of_checkin because it was found in queue for site1.local
2026-08-21 17:24:51,898 ERROR scheduler Skipped queueing frappe.oauth.delete_oauth2_data because it was found in queue for site1.local
2026-08-21 17:24:51,903 ERROR scheduler Skipped queueing frappe.model.utils.user_settings.sync_user_settings because it was found in queue for site1.local
2026-08-21 17:24:51,908 ERROR scheduler Skipped queueing frappe.desk.page.backups.backups.delete_downloadable_backups because it was found in queue for site1.local
2026-08-21 17:24:51,917 ERROR scheduler Skipped queueing hrms.hr.doctype.shift_schedule_assignment.shift_schedule_assignment.process_auto_shift_creation because it was found in queue for site1.local
2026-08-21 17:25:48,421 ERROR scheduler Skipped queueing frappe.desk.form.document_follow.send_hourly_updates because it was found in queue for site1.local
2026-08-21 17:25:48,425 ERROR scheduler Skipped queueing erpnext.projects.doctype.project.project.collect_project_status because it was found in queue for site1.local
2026-08-21 17:25:48,438 ERROR scheduler Skipped queueing hrms.hr.doctype.shift_type.shift_type.update_last_sync_of_checkin because it was found in queue for site1.local
2026-08-21 17:25:48,442 ERROR scheduler Skipped queueing frappe.website.doctype.personal_data_deletion_request.personal_data_deletion_request.process_data_deletion_request because it was found in queue for site1.local
2026-08-21 17:25:48,446 ERROR scheduler Skipped queueing frappe.desk.page.backups.backups.delete_downloadable_backups because it was found in queue for site1.local
2026-08-21 17:25:48,449 ERROR scheduler Skipped queueing frappe.model.utils.user_settings.sync_user_settings because it was found in queue for site1.local
2026-08-21 17:25:48,455 ERROR scheduler Skipped queueing frappe.desk.utils.delete_old_exported_report_files because it was found in queue for site1.local
2026-08-21 17:25:48,459 ERROR scheduler Skipped queueing hrms.hr.doctype.shift_type.shift_type.process_auto_attendance_for_all_shifts because it was found in queue for site1.local
2026-08-21 17:25:48,466 ERROR scheduler Skipped queueing erpnext.utilities.bulk_transaction.retry because it was found in queue for site1.local
2026-08-21 17:25:48,471 ERROR scheduler Skipped queueing hrms.hr.doctype.shift_schedule_assignment.shift_schedule_assignment.process_auto_shift_creation because it was found in queue for site1.local
2026-08-21 17:25:48,476 ERROR scheduler Skipped queueing erpnext.projects.doctype.project.project.project_status_update_reminder because it was found in queue for site1.local
2026-08-21 17:25:48,482 ERROR scheduler Skipped queueing frappe.twofactor.delete_all_barcodes_for_users because it was found in queue for site1.local
2026-08-21 17:25:48,484 ERROR scheduler Skipped queueing erpnext.erpnext_integrations.doctype.plaid_settings.plaid_settings.automatic_synchronization because it was found in queue for site1.local
2026-08-21 17:25:48,488 ERROR scheduler Skipped queueing frappe.core.doctype.prepared_report.prepared_report.expire_stalled_report because it was found in queue for site1.local
2026-08-21 17:25:48,493 ERROR scheduler Skipped queueing frappe.website.doctype.web_page.web_page.check_publish_status because it was found in queue for site1.local
2026-08-21 17:25:48,515 ERROR scheduler Skipped queueing frappe.oauth.delete_oauth2_data because it was found in queue for site1.local
2026-08-21 17:25:48,526 ERROR scheduler Skipped queueing erpnext.stock.doctype.repost_item_valuation.repost_item_valuation.repost_entries because it was found in queue for site1.local
2026-08-21 17:25:48,530 ERROR scheduler Skipped queueing erpnext.utilities.doctype.video.video.update_youtube_data because it was found in queue for site1.local
2026-08-21 17:26:46,710 ERROR scheduler Skipped queueing frappe.desk.utils.delete_old_exported_report_files because it was found in queue for site1.local
2026-08-21 17:26:46,713 ERROR scheduler Skipped queueing erpnext.utilities.doctype.video.video.update_youtube_data because it was found in queue for site1.local
2026-08-21 17:26:46,732 ERROR scheduler Skipped queueing erpnext.erpnext_integrations.doctype.plaid_settings.plaid_settings.automatic_synchronization because it was found in queue for site1.local
2026-08-21 17:26:46,736 ERROR scheduler Skipped queueing frappe.desk.form.document_follow.send_hourly_updates because it was found in queue for site1.local
2026-08-21 17:26:46,773 ERROR scheduler Skipped queueing frappe.oauth.delete_oauth2_data because it was found in queue for site1.local
2026-08-21 17:26:46,777 ERROR scheduler Skipped queueing erpnext.stock.doctype.repost_item_valuation.repost_item_valuation.repost_entries because it was found in queue for site1.local
2026-08-21 17:26:46,779 ERROR scheduler Skipped queueing frappe.website.doctype.web_page.web_page.check_publish_status because it was found in queue for site1.local
2026-08-21 17:26:46,784 ERROR scheduler Skipped queueing frappe.model.utils.user_settings.sync_user_settings because it was found in queue for site1.local
2026-08-21 17:26:46,790 ERROR scheduler Skipped queueing erpnext.projects.doctype.project.project.project_status_update_reminder because it was found in queue for site1.local
2026-08-21 17:26:46,794 ERROR scheduler Skipped queueing erpnext.projects.doctype.project.project.collect_project_status because it was found in queue for site1.local
2026-08-21 17:26:46,798 ERROR scheduler Skipped queueing erpnext.utilities.bulk_transaction.retry because it was found in queue for site1.local
2026-08-21 17:26:46,801 ERROR scheduler Skipped queueing frappe.core.doctype.prepared_report.prepared_report.expire_stalled_report because it was found in queue for site1.local
2026-08-21 17:26:46,804 ERROR scheduler Skipped queueing hrms.hr.doctype.shift_schedule_assignment.shift_schedule_assignment.process_auto_shift_creation because it was found in queue for site1.local
2026-08-21 17:26:46,808 ERROR scheduler Skipped queueing frappe.twofactor.delete_all_barcodes_for_users because it was found in queue for site1.local
2026-08-21 17:26:46,814 ERROR scheduler Skipped queueing frappe.website.doctype.personal_data_deletion_request.personal_data_deletion_request.process_data_deletion_request because it was found in queue for site1.local
2026-08-21 17:26:46,816 ERROR scheduler Skipped queueing hrms.hr.doctype.shift_type.shift_type.process_auto_attendance_for_all_shifts because it was found in queue for site1.local
2026-08-21 17:26:46,825 ERROR scheduler Skipped queueing hrms.hr.doctype.shift_type.shift_type.update_last_sync_of_checkin because it was found in queue for site1.local
2026-08-21 17:26:46,834 ERROR scheduler Skipped queueing frappe.desk.page.backups.backups.delete_downloadable_backups because it was found in queue for site1.local
2026-08-21 17:27:43,325 ERROR scheduler Skipped queueing frappe.oauth.delete_oauth2_data because it was found in queue for site1.local
2026-08-21 17:27:43,355 ERROR scheduler Skipped queueing frappe.core.doctype.prepared_report.prepared_report.expire_stalled_report because it was found in queue for site1.local
2026-08-21 17:27:43,359 ERROR scheduler Skipped queueing frappe.website.doctype.personal_data_deletion_request.personal_data_deletion_request.process_data_deletion_request because it was found in queue for site1.local
2026-08-21 17:27:43,365 ERROR scheduler Skipped queueing erpnext.projects.doctype.project.project.project_status_update_reminder because it was found in queue for site1.local
2026-08-21 17:27:43,367 ERROR scheduler Skipped queueing frappe.desk.form.document_follow.send_hourly_updates because it was found in queue for site1.local
2026-08-21 17:27:43,383 ERROR scheduler Skipped queueing frappe.model.utils.user_settings.sync_user_settings because it was found in queue for site1.local
2026-08-21 17:27:43,386 ERROR scheduler Skipped queueing frappe.desk.page.backups.backups.delete_downloadable_backups because it was found in queue for site1.local
2026-08-21 17:27:43,393 ERROR scheduler Skipped queueing hrms.hr.doctype.shift_type.shift_type.update_last_sync_of_checkin because it was found in queue for site1.local
2026-08-21 17:27:43,412 ERROR scheduler Skipped queueing erpnext.stock.doctype.repost_item_valuation.repost_item_valuation.repost_entries because it was found in queue for site1.local
2026-08-21 17:27:43,416 ERROR scheduler Skipped queueing frappe.twofactor.delete_all_barcodes_for_users because it was found in queue for site1.local
2026-08-21 17:27:43,421 ERROR scheduler Skipped queueing erpnext.utilities.bulk_transaction.retry because it was found in queue for site1.local
2026-08-21 17:27:43,433 ERROR scheduler Skipped queueing erpnext.erpnext_integrations.doctype.plaid_settings.plaid_settings.automatic_synchronization because it was found in queue for site1.local
2026-08-21 17:27:43,438 ERROR scheduler Skipped queueing hrms.hr.doctype.shift_schedule_assignment.shift_schedule_assignment.process_auto_shift_creation because it was found in queue for site1.local
2026-08-21 17:27:43,441 ERROR scheduler Skipped queueing frappe.website.doctype.web_page.web_page.check_publish_status because it was found in queue for site1.local
2026-08-21 17:27:43,443 ERROR scheduler Skipped queueing erpnext.projects.doctype.project.project.collect_project_status because it was found in queue for site1.local
2026-08-21 17:27:43,453 ERROR scheduler Skipped queueing frappe.desk.utils.delete_old_exported_report_files because it was found in queue for site1.local
2026-08-21 17:27:43,455 ERROR scheduler Skipped queueing erpnext.utilities.doctype.video.video.update_youtube_data because it was found in queue for site1.local
2026-08-21 17:27:43,463 ERROR scheduler Skipped queueing hrms.hr.doctype.shift_type.shift_type.process_auto_attendance_for_all_shifts because it was found in queue for site1.local
2026-08-21 17:28:39,997 ERROR scheduler Skipped queueing hrms.hr.doctype.shift_type.shift_type.update_last_sync_of_checkin because it was found in queue for site1.local
2026-08-21 17:28:40,003 ERROR scheduler Skipped queueing frappe.core.doctype.prepared_report.prepared_report.expire_stalled_report because it was found in queue for site1.local
2026-08-21 17:28:40,013 ERROR scheduler Skipped queueing frappe.desk.utils.delete_old_exported_report_files because it was found in queue for site1.local
2026-08-21 17:28:40,015 ERROR scheduler Skipped queueing erpnext.utilities.bulk_transaction.retry because it was found in queue for site1.local
2026-08-21 17:28:40,017 ERROR scheduler Skipped queueing frappe.desk.page.backups.backups.delete_downloadable_backups because it was found in queue for site1.local
2026-08-21 17:28:40,022 ERROR scheduler Skipped queueing frappe.website.doctype.personal_data_deletion_request.personal_data_deletion_request.process_data_deletion_request because it was found in queue for site1.local
2026-08-21 17:28:40,023 ERROR scheduler Skipped queueing frappe.desk.form.document_follow.send_hourly_updates because it was found in queue for site1.local
2026-08-21 17:28:40,028 ERROR scheduler Skipped queueing frappe.website.doctype.web_page.web_page.check_publish_status because it was found in queue for site1.local
2026-08-21 17:28:40,035 ERROR scheduler Skipped queueing erpnext.projects.doctype.project.project.project_status_update_reminder because it was found in queue for site1.local
2026-08-21 17:28:40,037 ERROR scheduler Skipped queueing frappe.model.utils.user_settings.sync_user_settings because it was found in queue for site1.local
2026-08-21 17:28:40,046 ERROR scheduler Skipped queueing frappe.twofactor.delete_all_barcodes_for_users because it was found in queue for site1.local
2026-08-21 17:28:40,049 ERROR scheduler Skipped queueing hrms.hr.doctype.shift_type.shift_type.process_auto_attendance_for_all_shifts because it was found in queue for site1.local
2026-08-21 17:28:40,054 ERROR scheduler Skipped queueing erpnext.projects.doctype.project.project.collect_project_status because it was found in queue for site1.local
2026-08-21 17:28:40,060 ERROR scheduler Skipped queueing erpnext.utilities.doctype.video.video.update_youtube_data because it was found in queue for site1.local
2026-08-21 17:28:40,068 ERROR scheduler Skipped queueing hrms.hr.doctype.shift_schedule_assignment.shift_schedule_assignment.process_auto_shift_creation because it was found in queue for site1.local
2026-08-21 17:28:40,074 ERROR scheduler Skipped queueing frappe.oauth.delete_oauth2_data because it was found in queue for site1.local
2026-08-21 17:28:40,089 ERROR scheduler Skipped queueing erpnext.erpnext_integrations.doctype.plaid_settings.plaid_settings.automatic_synchronization because it was found in queue for site1.local
2026-08-21 17:28:40,116 ERROR scheduler Skipped queueing erpnext.stock.doctype.repost_item_valuation.repost_item_valuation.repost_entries because it was found in queue for site1.local
2026-08-21 17:29:36,615 ERROR scheduler Skipped queueing hrms.hr.doctype.shift_type.shift_type.update_last_sync_of_checkin because it was found in queue for site1.local
2026-08-21 17:29:36,617 ERROR scheduler Skipped queueing frappe.model.utils.user_settings.sync_user_settings because it was found in queue for site1.local
2026-08-21 17:29:36,621 ERROR scheduler Skipped queueing erpnext.erpnext_integrations.doctype.plaid_settings.plaid_settings.automatic_synchronization because it was found in queue for site1.local
2026-08-21 17:29:36,642 ERROR scheduler Skipped queueing hrms.hr.doctype.shift_schedule_assignment.shift_schedule_assignment.process_auto_shift_creation because it was found in queue for site1.local
2026-08-21 17:29:36,644 ERROR scheduler Skipped queueing erpnext.utilities.bulk_transaction.retry because it was found in queue for site1.local
2026-08-21 17:29:36,646 ERROR scheduler Skipped queueing hrms.hr.doctype.shift_type.shift_type.process_auto_attendance_for_all_shifts because it was found in queue for site1.local
2026-08-21 17:29:36,653 ERROR scheduler Skipped queueing frappe.desk.form.document_follow.send_hourly_updates because it was found in queue for site1.local
2026-08-21 17:29:36,658 ERROR scheduler Skipped queueing frappe.core.doctype.prepared_report.prepared_report.expire_stalled_report because it was found in queue for site1.local
2026-08-21 17:29:36,660 ERROR scheduler Skipped queueing frappe.website.doctype.personal_data_deletion_request.personal_data_deletion_request.process_data_deletion_request because it was found in queue for site1.local
2026-08-21 17:29:36,663 ERROR scheduler Skipped queueing erpnext.utilities.doctype.video.video.update_youtube_data because it was found in queue for site1.local
2026-08-21 17:29:36,670 ERROR scheduler Skipped queueing frappe.twofactor.delete_all_barcodes_for_users because it was found in queue for site1.local
2026-08-21 17:29:36,697 ERROR scheduler Skipped queueing erpnext.stock.doctype.repost_item_valuation.repost_item_valuation.repost_entries because it was found in queue for site1.local
2026-08-21 17:29:36,707 ERROR scheduler Skipped queueing erpnext.projects.doctype.project.project.project_status_update_reminder because it was found in queue for site1.local
2026-08-21 17:29:36,709 ERROR scheduler Skipped queueing frappe.desk.utils.delete_old_exported_report_files because it was found in queue for site1.local
2026-08-21 17:29:36,713 ERROR scheduler Skipped queueing frappe.desk.page.backups.backups.delete_downloadable_backups because it was found in queue for site1.local
2026-08-21 17:29:36,723 ERROR scheduler Skipped queueing frappe.oauth.delete_oauth2_data because it was found in queue for site1.local
2026-08-21 17:29:36,733 ERROR scheduler Skipped queueing frappe.website.doctype.web_page.web_page.check_publish_status because it was found in queue for site1.local
2026-08-21 17:29:36,751 ERROR scheduler Skipped queueing erpnext.projects.doctype.project.project.collect_project_status because it was found in queue for site1.local
2026-08-21 17:30:32,995 ERROR scheduler Skipped queueing frappe.desk.utils.delete_old_exported_report_files because it was found in queue for site1.local
2026-08-21 17:30:33,005 ERROR scheduler Skipped queueing frappe.twofactor.delete_all_barcodes_for_users because it was found in queue for site1.local
2026-08-21 17:30:33,018 ERROR scheduler Skipped queueing erpnext.stock.doctype.repost_item_valuation.repost_item_valuation.repost_entries because it was found in queue for site1.local
2026-08-21 17:30:33,047 ERROR scheduler Skipped queueing erpnext.projects.doctype.project.project.collect_project_status because it was found in queue for site1.local
2026-08-21 17:30:33,050 ERROR scheduler Skipped queueing erpnext.utilities.bulk_transaction.retry because it was found in queue for site1.local
2026-08-21 17:30:33,054 ERROR scheduler Skipped queueing frappe.desk.form.document_follow.send_hourly_updates because it was found in queue for site1.local
2026-08-21 17:30:33,056 ERROR scheduler Skipped queueing erpnext.erpnext_integrations.doctype.plaid_settings.plaid_settings.automatic_synchronization because it was found in queue for site1.local
2026-08-21 17:30:33,062 ERROR scheduler Skipped queueing frappe.model.utils.user_settings.sync_user_settings because it was found in queue for site1.local
2026-08-21 17:30:33,069 ERROR scheduler Skipped queueing erpnext.projects.doctype.project.project.project_status_update_reminder because it was found in queue for site1.local
2026-08-21 17:30:33,091 ERROR scheduler Skipped queueing frappe.desk.page.backups.backups.delete_downloadable_backups because it was found in queue for site1.local
2026-08-21 17:30:33,096 ERROR scheduler Skipped queueing frappe.website.doctype.personal_data_deletion_request.personal_data_deletion_request.process_data_deletion_request because it was found in queue for site1.local
2026-08-21 17:30:33,101 ERROR scheduler Skipped queueing frappe.core.doctype.prepared_report.prepared_report.expire_stalled_report because it was found in queue for site1.local
2026-08-21 17:30:33,108 ERROR scheduler Skipped queueing hrms.hr.doctype.shift_type.shift_type.process_auto_attendance_for_all_shifts because it was found in queue for site1.local
2026-08-21 17:30:33,125 ERROR scheduler Skipped queueing hrms.hr.doctype.shift_type.shift_type.update_last_sync_of_checkin because it was found in queue for site1.local
2026-08-21 17:30:33,130 ERROR scheduler Skipped queueing frappe.oauth.delete_oauth2_data because it was found in queue for site1.local
2026-08-21 17:30:33,138 ERROR scheduler Skipped queueing erpnext.utilities.doctype.video.video.update_youtube_data because it was found in queue for site1.local
2026-08-21 17:30:33,141 ERROR scheduler Skipped queueing frappe.website.doctype.web_page.web_page.check_publish_status because it was found in queue for site1.local
2026-08-21 17:30:33,148 ERROR scheduler Skipped queueing hrms.hr.doctype.shift_schedule_assignment.shift_schedule_assignment.process_auto_shift_creation because it was found in queue for site1.local
2026-08-21 17:31:29,514 ERROR scheduler Skipped queueing frappe.website.doctype.personal_data_deletion_request.personal_data_deletion_request.process_data_deletion_request because it was found in queue for site1.local
2026-08-21 17:31:29,517 ERROR scheduler Skipped queueing erpnext.utilities.bulk_transaction.retry because it was found in queue for site1.local
2026-08-21 17:31:29,521 ERROR scheduler Skipped queueing frappe.website.doctype.web_page.web_page.check_publish_status because it was found in queue for site1.local
2026-08-21 17:31:29,529 ERROR scheduler Skipped queueing erpnext.projects.doctype.project.project.project_status_update_reminder because it was found in queue for site1.local
2026-08-21 17:31:29,539 ERROR scheduler Skipped queueing frappe.desk.utils.delete_old_exported_report_files because it was found in queue for site1.local
2026-08-21 17:31:29,542 ERROR scheduler Skipped queueing frappe.core.doctype.prepared_report.prepared_report.expire_stalled_report because it was found in queue for site1.local
2026-08-21 17:31:29,548 ERROR scheduler Skipped queueing erpnext.utilities.doctype.video.video.update_youtube_data because it was found in queue for site1.local
2026-08-21 17:31:29,551 ERROR scheduler Skipped queueing erpnext.projects.doctype.project.project.collect_project_status because it was found in queue for site1.local
2026-08-21 17:31:29,558 ERROR scheduler Skipped queueing frappe.twofactor.delete_all_barcodes_for_users because it was found in queue for site1.local
2026-08-21 17:31:29,563 ERROR scheduler Skipped queueing erpnext.stock.doctype.repost_item_valuation.repost_item_valuation.repost_entries because it was found in queue for site1.local
2026-08-21 17:31:29,564 ERROR scheduler Skipped queueing hrms.hr.doctype.shift_type.shift_type.process_auto_attendance_for_all_shifts because it was found in queue for site1.local
2026-08-21 17:31:29,568 ERROR scheduler Skipped queueing frappe.desk.page.backups.backups.delete_downloadable_backups because it was found in queue for site1.local
2026-08-21 17:31:29,576 ERROR scheduler Skipped queueing hrms.hr.doctype.shift_schedule_assignment.shift_schedule_assignment.process_auto_shift_creation because it was found in queue for site1.local
2026-08-21 17:31:29,605 ERROR scheduler Skipped queueing hrms.hr.doctype.shift_type.shift_type.update_last_sync_of_checkin because it was found in queue for site1.local
2026-08-21 17:31:29,613 ERROR scheduler Skipped queueing frappe.desk.form.document_follow.send_hourly_updates because it was found in queue for site1.local
2026-08-21 17:31:29,628 ERROR scheduler Skipped queueing frappe.oauth.delete_oauth2_data because it was found in queue for site1.local
2026-08-21 17:31:29,644 ERROR scheduler Skipped queueing frappe.model.utils.user_settings.sync_user_settings because it was found in queue for site1.local
2026-08-21 17:31:29,649 ERROR scheduler Skipped queueing erpnext.erpnext_integrations.doctype.plaid_settings.plaid_settings.automatic_synchronization because it was found in queue for site1.local
2026-08-21 17:32:25,964 ERROR scheduler Skipped queueing frappe.core.doctype.prepared_report.prepared_report.expire_stalled_report because it was found in queue for site1.local
2026-08-21 17:32:25,968 ERROR scheduler Skipped queueing erpnext.utilities.doctype.video.video.update_youtube_data because it was found in queue for site1.local
2026-08-21 17:32:25,981 ERROR scheduler Skipped queueing hrms.hr.doctype.shift_schedule_assignment.shift_schedule_assignment.process_auto_shift_creation because it was found in queue for site1.local
2026-08-21 17:32:25,988 ERROR scheduler Skipped queueing frappe.twofactor.delete_all_barcodes_for_users because it was found in queue for site1.local
2026-08-21 17:32:25,989 ERROR scheduler Skipped queueing erpnext.erpnext_integrations.doctype.plaid_settings.plaid_settings.automatic_synchronization because it was found in queue for site1.local
2026-08-21 17:32:25,992 ERROR scheduler Skipped queueing erpnext.stock.doctype.repost_item_valuation.repost_item_valuation.repost_entries because it was found in queue for site1.local
2026-08-21 17:32:26,009 ERROR scheduler Skipped queueing frappe.desk.page.backups.backups.delete_downloadable_backups because it was found in queue for site1.local
2026-08-21 17:32:26,012 ERROR scheduler Skipped queueing erpnext.utilities.bulk_transaction.retry because it was found in queue for site1.local
2026-08-21 17:32:26,025 ERROR scheduler Skipped queueing hrms.hr.doctype.shift_type.shift_type.process_auto_attendance_for_all_shifts because it was found in queue for site1.local
2026-08-21 17:32:26,027 ERROR scheduler Skipped queueing erpnext.projects.doctype.project.project.project_status_update_reminder because it was found in queue for site1.local
2026-08-21 17:32:26,033 ERROR scheduler Skipped queueing frappe.website.doctype.web_page.web_page.check_publish_status because it was found in queue for site1.local
2026-08-21 17:32:26,039 ERROR scheduler Skipped queueing frappe.oauth.delete_oauth2_data because it was found in queue for site1.local
2026-08-21 17:32:26,048 ERROR scheduler Skipped queueing frappe.desk.utils.delete_old_exported_report_files because it was found in queue for site1.local
2026-08-21 17:32:26,066 ERROR scheduler Skipped queueing erpnext.projects.doctype.project.project.collect_project_status because it was found in queue for site1.local
2026-08-21 17:32:26,071 ERROR scheduler Skipped queueing frappe.model.utils.user_settings.sync_user_settings because it was found in queue for site1.local
2026-08-21 17:32:26,074 ERROR scheduler Skipped queueing frappe.website.doctype.personal_data_deletion_request.personal_data_deletion_request.process_data_deletion_request because it was found in queue for site1.local
2026-08-21 17:32:26,075 ERROR scheduler Skipped queueing frappe.desk.form.document_follow.send_hourly_updates because it was found in queue for site1.local
2026-08-21 17:32:26,082 ERROR scheduler Skipped queueing hrms.hr.doctype.shift_type.shift_type.update_last_sync_of_checkin because it was found in queue for site1.local
2026-08-21 17:33:24,248 ERROR scheduler Skipped queueing frappe.twofactor.delete_all_barcodes_for_users because it was found in queue for site1.local
2026-08-21 17:33:24,262 ERROR scheduler Skipped queueing frappe.desk.utils.delete_old_exported_report_files because it was found in queue for site1.local
2026-08-21 17:33:24,269 ERROR scheduler Skipped queueing frappe.oauth.delete_oauth2_data because it was found in queue for site1.local
2026-08-21 17:33:24,272 ERROR scheduler Skipped queueing hrms.hr.doctype.shift_type.shift_type.process_auto_attendance_for_all_shifts because it was found in queue for site1.local
2026-08-21 17:33:24,283 ERROR scheduler Skipped queueing erpnext.utilities.doctype.video.video.update_youtube_data because it was found in queue for site1.local
2026-08-21 17:33:24,288 ERROR scheduler Skipped queueing erpnext.stock.doctype.repost_item_valuation.repost_item_valuation.repost_entries because it was found in queue for site1.local
2026-08-21 17:33:24,292 ERROR scheduler Skipped queueing frappe.core.doctype.prepared_report.prepared_report.expire_stalled_report because it was found in queue for site1.local
2026-08-21 17:33:24,295 ERROR scheduler Skipped queueing erpnext.utilities.bulk_transaction.retry because it was found in queue for site1.local
2026-08-21 17:33:24,299 ERROR scheduler Skipped queueing frappe.desk.form.document_follow.send_hourly_updates because it was found in queue for site1.local
2026-08-21 17:33:24,301 ERROR scheduler Skipped queueing erpnext.erpnext_integrations.doctype.plaid_settings.plaid_settings.automatic_synchronization because it was found in queue for site1.local
2026-08-21 17:33:24,320 ERROR scheduler Skipped queueing hrms.hr.doctype.shift_type.shift_type.update_last_sync_of_checkin because it was found in queue for site1.local
2026-08-21 17:33:24,325 ERROR scheduler Skipped queueing frappe.website.doctype.personal_data_deletion_request.personal_data_deletion_request.process_data_deletion_request because it was found in queue for site1.local
2026-08-21 17:33:24,331 ERROR scheduler Skipped queueing frappe.model.utils.user_settings.sync_user_settings because it was found in queue for site1.local
2026-08-21 17:33:24,335 ERROR scheduler Skipped queueing erpnext.projects.doctype.project.project.collect_project_status because it was found in queue for site1.local
2026-08-21 17:33:24,343 ERROR scheduler Skipped queueing hrms.hr.doctype.shift_schedule_assignment.shift_schedule_assignment.process_auto_shift_creation because it was found in queue for site1.local
2026-08-21 17:33:24,345 ERROR scheduler Skipped queueing erpnext.projects.doctype.project.project.project_status_update_reminder because it was found in queue for site1.local
2026-08-21 17:33:24,348 ERROR scheduler Skipped queueing frappe.desk.page.backups.backups.delete_downloadable_backups because it was found in queue for site1.local
2026-08-21 17:33:24,355 ERROR scheduler Skipped queueing frappe.website.doctype.web_page.web_page.check_publish_status because it was found in queue for site1.local
2026-08-21 17:34:20,764 ERROR scheduler Skipped queueing frappe.website.doctype.web_page.web_page.check_publish_status because it was found in queue for site1.local
2026-08-21 17:34:20,782 ERROR scheduler Skipped queueing frappe.desk.form.document_follow.send_hourly_updates because it was found in queue for site1.local
2026-08-21 17:34:20,789 ERROR scheduler Skipped queueing frappe.oauth.delete_oauth2_data because it was found in queue for site1.local
2026-08-21 17:34:20,805 ERROR scheduler Skipped queueing frappe.twofactor.delete_all_barcodes_for_users because it was found in queue for site1.local
2026-08-21 17:34:20,809 ERROR scheduler Skipped queueing erpnext.projects.doctype.project.project.collect_project_status because it was found in queue for site1.local
2026-08-21 17:34:20,812 ERROR scheduler Skipped queueing frappe.core.doctype.prepared_report.prepared_report.expire_stalled_report because it was found in queue for site1.local
2026-08-21 17:34:20,821 ERROR scheduler Skipped queueing erpnext.utilities.bulk_transaction.retry because it was found in queue for site1.local
2026-08-21 17:34:20,829 ERROR scheduler Skipped queueing hrms.hr.doctype.shift_type.shift_type.update_last_sync_of_checkin because it was found in queue for site1.local
2026-08-21 17:34:20,841 ERROR scheduler Skipped queueing erpnext.erpnext_integrations.doctype.plaid_settings.plaid_settings.automatic_synchronization because it was found in queue for site1.local
2026-08-21 17:34:20,852 ERROR scheduler Skipped queueing frappe.desk.utils.delete_old_exported_report_files because it was found in queue for site1.local
2026-08-21 17:34:20,855 ERROR scheduler Skipped queueing erpnext.utilities.doctype.video.video.update_youtube_data because it was found in queue for site1.local
2026-08-21 17:34:20,865 ERROR scheduler Skipped queueing frappe.website.doctype.personal_data_deletion_request.personal_data_deletion_request.process_data_deletion_request because it was found in queue for site1.local
2026-08-21 17:34:20,871 ERROR scheduler Skipped queueing frappe.model.utils.user_settings.sync_user_settings because it was found in queue for site1.local
2026-08-21 17:34:20,873 ERROR scheduler Skipped queueing erpnext.projects.doctype.project.project.project_status_update_reminder because it was found in queue for site1.local
2026-08-21 17:34:20,876 ERROR scheduler Skipped queueing hrms.hr.doctype.shift_type.shift_type.process_auto_attendance_for_all_shifts because it was found in queue for site1.local
2026-08-21 17:34:20,882 ERROR scheduler Skipped queueing frappe.desk.page.backups.backups.delete_downloadable_backups because it was found in queue for site1.local
2026-08-21 17:34:20,884 ERROR scheduler Skipped queueing erpnext.stock.doctype.repost_item_valuation.repost_item_valuation.repost_entries because it was found in queue for site1.local
2026-08-21 17:34:20,888 ERROR scheduler Skipped queueing hrms.hr.doctype.shift_schedule_assignment.shift_schedule_assignment.process_auto_shift_creation because it was found in queue for site1.local
2026-08-21 17:35:17,232 ERROR scheduler Skipped queueing frappe.website.doctype.personal_data_deletion_request.personal_data_deletion_request.process_data_deletion_request because it was found in queue for site1.local
2026-08-21 17:35:17,237 ERROR scheduler Skipped queueing erpnext.projects.doctype.project.project.project_status_update_reminder because it was found in queue for site1.local
2026-08-21 17:35:17,247 ERROR scheduler Skipped queueing frappe.model.utils.user_settings.sync_user_settings because it was found in queue for site1.local
2026-08-21 17:35:17,253 ERROR scheduler Skipped queueing frappe.twofactor.delete_all_barcodes_for_users because it was found in queue for site1.local
2026-08-21 17:35:17,263 ERROR scheduler Skipped queueing hrms.hr.doctype.shift_type.shift_type.update_last_sync_of_checkin because it was found in queue for site1.local
2026-08-21 17:35:17,281 ERROR scheduler Skipped queueing frappe.desk.form.document_follow.send_hourly_updates because it was found in queue for site1.local
2026-08-21 17:35:17,300 ERROR scheduler Skipped queueing frappe.desk.utils.delete_old_exported_report_files because it was found in queue for site1.local
2026-08-21 17:35:17,305 ERROR scheduler Skipped queueing hrms.hr.doctype.shift_type.shift_type.process_auto_attendance_for_all_shifts because it was found in queue for site1.local
2026-08-21 17:35:17,309 ERROR scheduler Skipped queueing frappe.oauth.delete_oauth2_data because it was found in queue for site1.local
2026-08-21 17:35:17,327 ERROR scheduler Skipped queueing frappe.core.doctype.prepared_report.prepared_report.expire_stalled_report because it was found in queue for site1.local
2026-08-21 17:35:17,330 ERROR scheduler Skipped queueing frappe.desk.page.backups.backups.delete_downloadable_backups because it was found in queue for site1.local
2026-08-21 17:35:17,338 ERROR scheduler Skipped queueing erpnext.stock.doctype.repost_item_valuation.repost_item_valuation.repost_entries because it was found in queue for site1.local
2026-08-21 17:35:17,344 ERROR scheduler Skipped queueing hrms.hr.doctype.shift_schedule_assignment.shift_schedule_assignment.process_auto_shift_creation because it was found in queue for site1.local
2026-08-21 17:35:17,352 ERROR scheduler Skipped queueing erpnext.projects.doctype.project.project.collect_project_status because it was found in queue for site1.local
2026-08-21 17:35:17,355 ERROR scheduler Skipped queueing erpnext.utilities.bulk_transaction.retry because it was found in queue for site1.local
2026-08-21 17:35:17,360 ERROR scheduler Skipped queueing erpnext.erpnext_integrations.doctype.plaid_settings.plaid_settings.automatic_synchronization because it was found in queue for site1.local
2026-08-21 17:35:17,367 ERROR scheduler Skipped queueing erpnext.utilities.doctype.video.video.update_youtube_data because it was found in queue for site1.local
2026-08-21 17:35:17,378 ERROR scheduler Skipped queueing frappe.website.doctype.web_page.web_page.check_publish_status because it was found in queue for site1.local
2026-08-21 17:36:13,150 ERROR scheduler Skipped queueing hrms.hr.doctype.shift_schedule_assignment.shift_schedule_assignment.process_auto_shift_creation because it was found in queue for site1.local
2026-08-21 17:36:13,163 ERROR scheduler Skipped queueing frappe.website.doctype.personal_data_deletion_request.personal_data_deletion_request.process_data_deletion_request because it was found in queue for site1.local
2026-08-21 17:36:13,178 ERROR scheduler Skipped queueing erpnext.utilities.doctype.video.video.update_youtube_data because it was found in queue for site1.local
2026-08-21 17:36:13,188 ERROR scheduler Skipped queueing frappe.desk.page.backups.backups.delete_downloadable_backups because it was found in queue for site1.local
2026-08-21 17:36:13,197 ERROR scheduler Skipped queueing frappe.oauth.delete_oauth2_data because it was found in queue for site1.local
2026-08-21 17:36:13,200 ERROR scheduler Skipped queueing erpnext.utilities.bulk_transaction.retry because it was found in queue for site1.local
2026-08-21 17:36:13,204 ERROR scheduler Skipped queueing erpnext.projects.doctype.project.project.collect_project_status because it was found in queue for site1.local
2026-08-21 17:36:13,206 ERROR scheduler Skipped queueing frappe.model.utils.user_settings.sync_user_settings because it was found in queue for site1.local
2026-08-21 17:36:13,210 ERROR scheduler Skipped queueing frappe.twofactor.delete_all_barcodes_for_users because it was found in queue for site1.local
2026-08-21 17:36:13,214 ERROR scheduler Skipped queueing frappe.desk.utils.delete_old_exported_report_files because it was found in queue for site1.local
2026-08-21 17:36:13,219 ERROR scheduler Skipped queueing erpnext.stock.doctype.repost_item_valuation.repost_item_valuation.repost_entries because it was found in queue for site1.local
2026-08-21 17:36:13,227 ERROR scheduler Skipped queueing frappe.core.doctype.prepared_report.prepared_report.expire_stalled_report because it was found in queue for site1.local
2026-08-21 17:36:13,231 ERROR scheduler Skipped queueing erpnext.projects.doctype.project.project.project_status_update_reminder because it was found in queue for site1.local
2026-08-21 17:36:13,236 ERROR scheduler Skipped queueing frappe.desk.form.document_follow.send_hourly_updates because it was found in queue for site1.local
2026-08-21 17:36:13,239 ERROR scheduler Skipped queueing erpnext.erpnext_integrations.doctype.plaid_settings.plaid_settings.automatic_synchronization because it was found in queue for site1.local
2026-08-21 17:36:13,241 ERROR scheduler Skipped queueing hrms.hr.doctype.shift_type.shift_type.update_last_sync_of_checkin because it was found in queue for site1.local
2026-08-21 17:36:13,247 ERROR scheduler Skipped queueing frappe.website.doctype.web_page.web_page.check_publish_status because it was found in queue for site1.local
2026-08-21 17:36:13,252 ERROR scheduler Skipped queueing hrms.hr.doctype.shift_type.shift_type.process_auto_attendance_for_all_shifts because it was found in queue for site1.local
2026-08-21 17:37:11,614 ERROR scheduler Skipped queueing hrms.hr.doctype.shift_type.shift_type.process_auto_attendance_for_all_shifts because it was found in queue for site1.local
2026-08-21 17:37:11,619 ERROR scheduler Skipped queueing erpnext.utilities.doctype.video.video.update_youtube_data because it was found in queue for site1.local
2026-08-21 17:37:11,627 ERROR scheduler Skipped queueing hrms.hr.doctype.shift_schedule_assignment.shift_schedule_assignment.process_auto_shift_creation because it was found in queue for site1.local
2026-08-21 17:37:11,635 ERROR scheduler Skipped queueing frappe.oauth.delete_oauth2_data because it was found in queue for site1.local
2026-08-21 17:37:11,638 ERROR scheduler Skipped queueing frappe.website.doctype.web_page.web_page.check_publish_status because it was found in queue for site1.local
2026-08-21 17:37:11,642 ERROR scheduler Skipped queueing frappe.model.utils.user_settings.sync_user_settings because it was found in queue for site1.local
2026-08-21 17:37:11,644 ERROR scheduler Skipped queueing hrms.hr.doctype.shift_type.shift_type.update_last_sync_of_checkin because it was found in queue for site1.local
2026-08-21 17:37:11,657 ERROR scheduler Skipped queueing erpnext.stock.doctype.repost_item_valuation.repost_item_valuation.repost_entries because it was found in queue for site1.local
2026-08-21 17:37:11,667 ERROR scheduler Skipped queueing frappe.desk.form.document_follow.send_hourly_updates because it was found in queue for site1.local
2026-08-21 17:37:11,675 ERROR scheduler Skipped queueing frappe.twofactor.delete_all_barcodes_for_users because it was found in queue for site1.local
2026-08-21 17:37:11,699 ERROR scheduler Skipped queueing erpnext.projects.doctype.project.project.collect_project_status because it was found in queue for site1.local
2026-08-21 17:37:11,702 ERROR scheduler Skipped queueing erpnext.projects.doctype.project.project.project_status_update_reminder because it was found in queue for site1.local
2026-08-21 17:37:11,707 ERROR scheduler Skipped queueing erpnext.erpnext_integrations.doctype.plaid_settings.plaid_settings.automatic_synchronization because it was found in queue for site1.local
2026-08-21 17:37:11,713 ERROR scheduler Skipped queueing frappe.core.doctype.prepared_report.prepared_report.expire_stalled_report because it was found in queue for site1.local
2026-08-21 17:37:11,719 ERROR scheduler Skipped queueing frappe.website.doctype.personal_data_deletion_request.personal_data_deletion_request.process_data_deletion_request because it was found in queue for site1.local
2026-08-21 17:37:11,723 ERROR scheduler Skipped queueing erpnext.utilities.bulk_transaction.retry because it was found in queue for site1.local
2026-08-21 17:37:11,731 ERROR scheduler Skipped queueing frappe.desk.page.backups.backups.delete_downloadable_backups because it was found in queue for site1.local
2026-08-21 17:37:11,736 ERROR scheduler Skipped queueing frappe.desk.utils.delete_old_exported_report_files because it was found in queue for site1.local
2026-08-21 17:38:08,055 ERROR scheduler Skipped queueing frappe.core.doctype.prepared_report.prepared_report.expire_stalled_report because it was found in queue for site1.local
2026-08-21 17:38:08,095 ERROR scheduler Skipped queueing hrms.hr.doctype.shift_schedule_assignment.shift_schedule_assignment.process_auto_shift_creation because it was found in queue for site1.local
2026-08-21 17:38:08,102 ERROR scheduler Skipped queueing frappe.desk.page.backups.backups.delete_downloadable_backups because it was found in queue for site1.local
2026-08-21 17:38:08,107 ERROR scheduler Skipped queueing frappe.oauth.delete_oauth2_data because it was found in queue for site1.local
2026-08-21 17:38:08,117 ERROR scheduler Skipped queueing erpnext.projects.doctype.project.project.collect_project_status because it was found in queue for site1.local
2026-08-21 17:38:08,150 ERROR scheduler Skipped queueing frappe.website.doctype.personal_data_deletion_request.personal_data_deletion_request.process_data_deletion_request because it was found in queue for site1.local
2026-08-21 17:38:08,172 ERROR scheduler Skipped queueing erpnext.utilities.doctype.video.video.update_youtube_data because it was found in queue for site1.local
2026-08-21 17:38:08,218 ERROR scheduler Skipped queueing frappe.desk.utils.delete_old_exported_report_files because it was found in queue for site1.local
2026-08-21 17:38:08,233 ERROR scheduler Skipped queueing erpnext.stock.doctype.repost_item_valuation.repost_item_valuation.repost_entries because it was found in queue for site1.local
2026-08-21 17:38:08,236 ERROR scheduler Skipped queueing erpnext.projects.doctype.project.project.project_status_update_reminder because it was found in queue for site1.local
2026-08-21 17:38:08,259 ERROR scheduler Skipped queueing hrms.hr.doctype.shift_type.shift_type.update_last_sync_of_checkin because it was found in queue for site1.local
2026-08-21 17:38:08,267 ERROR scheduler Skipped queueing frappe.model.utils.user_settings.sync_user_settings because it was found in queue for site1.local
2026-08-21 17:38:08,292 ERROR scheduler Skipped queueing hrms.hr.doctype.shift_type.shift_type.process_auto_attendance_for_all_shifts because it was found in queue for site1.local
2026-08-21 17:38:08,320 ERROR scheduler Skipped queueing frappe.website.doctype.web_page.web_page.check_publish_status because it was found in queue for site1.local
2026-08-21 17:38:08,337 ERROR scheduler Skipped queueing frappe.twofactor.delete_all_barcodes_for_users because it was found in queue for site1.local
2026-08-21 17:38:08,359 ERROR scheduler Skipped queueing erpnext.erpnext_integrations.doctype.plaid_settings.plaid_settings.automatic_synchronization because it was found in queue for site1.local
2026-08-21 17:38:08,363 ERROR scheduler Skipped queueing erpnext.utilities.bulk_transaction.retry because it was found in queue for site1.local
2026-08-21 17:38:08,369 ERROR scheduler Skipped queueing frappe.desk.form.document_follow.send_hourly_updates because it was found in queue for site1.local
2026-08-21 17:39:04,735 ERROR scheduler Skipped queueing frappe.website.doctype.personal_data_deletion_request.personal_data_deletion_request.process_data_deletion_request because it was found in queue for site1.local
2026-08-21 17:39:04,760 ERROR scheduler Skipped queueing erpnext.projects.doctype.project.project.project_status_update_reminder because it was found in queue for site1.local
2026-08-21 17:39:04,774 ERROR scheduler Skipped queueing erpnext.utilities.doctype.video.video.update_youtube_data because it was found in queue for site1.local
2026-08-21 17:39:04,782 ERROR scheduler Skipped queueing erpnext.utilities.bulk_transaction.retry because it was found in queue for site1.local
2026-08-21 17:39:04,784 ERROR scheduler Skipped queueing frappe.desk.form.document_follow.send_hourly_updates because it was found in queue for site1.local
2026-08-21 17:39:04,805 ERROR scheduler Skipped queueing erpnext.erpnext_integrations.doctype.plaid_settings.plaid_settings.automatic_synchronization because it was found in queue for site1.local
2026-08-21 17:39:04,808 ERROR scheduler Skipped queueing hrms.hr.doctype.shift_type.shift_type.update_last_sync_of_checkin because it was found in queue for site1.local
2026-08-21 17:39:04,811 ERROR scheduler Skipped queueing frappe.twofactor.delete_all_barcodes_for_users because it was found in queue for site1.local
2026-08-21 17:39:04,815 ERROR scheduler Skipped queueing frappe.model.utils.user_settings.sync_user_settings because it was found in queue for site1.local
2026-08-21 17:39:04,834 ERROR scheduler Skipped queueing frappe.website.doctype.web_page.web_page.check_publish_status because it was found in queue for site1.local
2026-08-21 17:39:04,836 ERROR scheduler Skipped queueing erpnext.projects.doctype.project.project.collect_project_status because it was found in queue for site1.local
2026-08-21 17:39:04,843 ERROR scheduler Skipped queueing frappe.desk.page.backups.backups.delete_downloadable_backups because it was found in queue for site1.local
2026-08-21 17:39:04,845 ERROR scheduler Skipped queueing frappe.core.doctype.prepared_report.prepared_report.expire_stalled_report because it was found in queue for site1.local
2026-08-21 17:39:04,852 ERROR scheduler Skipped queueing hrms.hr.doctype.shift_type.shift_type.process_auto_attendance_for_all_shifts because it was found in queue for site1.local
2026-08-21 17:39:04,881 ERROR scheduler Skipped queueing frappe.oauth.delete_oauth2_data because it was found in queue for site1.local
2026-08-21 17:39:04,893 ERROR scheduler Skipped queueing erpnext.stock.doctype.repost_item_valuation.repost_item_valuation.repost_entries because it was found in queue for site1.local
2026-08-21 17:39:04,900 ERROR scheduler Skipped queueing frappe.desk.utils.delete_old_exported_report_files because it was found in queue for site1.local
2026-08-21 17:39:04,917 ERROR scheduler Skipped queueing hrms.hr.doctype.shift_schedule_assignment.shift_schedule_assignment.process_auto_shift_creation because it was found in queue for site1.local
2026-08-21 17:40:01,208 ERROR scheduler Skipped queueing erpnext.erpnext_integrations.doctype.plaid_settings.plaid_settings.automatic_synchronization because it was found in queue for site1.local
2026-08-21 17:40:01,211 ERROR scheduler Skipped queueing frappe.website.doctype.web_page.web_page.check_publish_status because it was found in queue for site1.local
2026-08-21 17:40:01,216 ERROR scheduler Skipped queueing erpnext.projects.doctype.project.project.project_status_update_reminder because it was found in queue for site1.local
2026-08-21 17:40:01,220 ERROR scheduler Skipped queueing erpnext.stock.doctype.repost_item_valuation.repost_item_valuation.repost_entries because it was found in queue for site1.local
2026-08-21 17:40:01,226 ERROR scheduler Skipped queueing erpnext.projects.doctype.project.project.collect_project_status because it was found in queue for site1.local
2026-08-21 17:40:01,234 ERROR scheduler Skipped queueing frappe.oauth.delete_oauth2_data because it was found in queue for site1.local
2026-08-21 17:40:01,247 ERROR scheduler Skipped queueing frappe.twofactor.delete_all_barcodes_for_users because it was found in queue for site1.local
2026-08-21 17:40:01,258 ERROR scheduler Skipped queueing erpnext.utilities.bulk_transaction.retry because it was found in queue for site1.local
2026-08-21 17:40:01,298 ERROR scheduler Skipped queueing frappe.desk.utils.delete_old_exported_report_files because it was found in queue for site1.local
2026-08-21 17:40:01,316 ERROR scheduler Skipped queueing frappe.website.doctype.personal_data_deletion_request.personal_data_deletion_request.process_data_deletion_request because it was found in queue for site1.local
2026-08-21 17:40:01,330 ERROR scheduler Skipped queueing frappe.model.utils.user_settings.sync_user_settings because it was found in queue for site1.local
2026-08-21 17:40:01,367 ERROR scheduler Skipped queueing hrms.hr.doctype.shift_type.shift_type.update_last_sync_of_checkin because it was found in queue for site1.local
2026-08-21 17:40:01,371 ERROR scheduler Skipped queueing erpnext.utilities.doctype.video.video.update_youtube_data because it was found in queue for site1.local
2026-08-21 17:40:01,377 ERROR scheduler Skipped queueing hrms.hr.doctype.shift_type.shift_type.process_auto_attendance_for_all_shifts because it was found in queue for site1.local
2026-08-21 17:40:01,388 ERROR scheduler Skipped queueing frappe.desk.page.backups.backups.delete_downloadable_backups because it was found in queue for site1.local
2026-08-21 17:40:01,398 ERROR scheduler Skipped queueing frappe.desk.form.document_follow.send_hourly_updates because it was found in queue for site1.local
2026-08-21 17:40:01,436 ERROR scheduler Skipped queueing hrms.hr.doctype.shift_schedule_assignment.shift_schedule_assignment.process_auto_shift_creation because it was found in queue for site1.local
2026-08-21 17:40:01,458 ERROR scheduler Skipped queueing frappe.core.doctype.prepared_report.prepared_report.expire_stalled_report because it was found in queue for site1.local
2026-08-21 17:40:57,890 ERROR scheduler Exception in Enqueue Events for Site site1.local
Traceback (most recent call last):
  File "/home/frappe/tejas/apps/frappe/frappe/utils/caching.py", line 57, in wrapper
    return frappe.local.request_cache[func][args_key]
           ~~~~~~~~~~~~~~~~~~~~~~~~~~~~~~~~^^^^^^^^^^
KeyError: 5740354900026072187

During handling of the above exception, another exception occurred:

Traceback (most recent call last):
  File "/home/frappe/tejas/apps/frappe/frappe/utils/scheduler.py", line 102, in enqueue_events_for_site
    enqueue_events(site=site)
    ~~~~~~~~~~~~~~^^^^^^^^^^^
  File "/home/frappe/tejas/apps/frappe/frappe/utils/scheduler.py", line 117, in enqueue_events
    all_jobs = frappe.get_all("Scheduled Job Type", filters={"stopped": 0}, fields="*")
  File "/home/frappe/tejas/apps/frappe/frappe/__init__.py", line 2053, in get_all
    return get_list(doctype, *args, **kwargs)
  File "/home/frappe/tejas/apps/frappe/frappe/__init__.py", line 2028, in get_list
    return frappe.model.db_query.DatabaseQuery(doctype).execute(*args, **kwargs)
           ~~~~~~~~~~~~~~~~~~~~~~~~~~~~~~~~~~~~~~~~~~~~~~~~~~~~^^^^^^^^^^^^^^^^^
  File "/home/frappe/tejas/apps/frappe/frappe/model/db_query.py", line 212, in execute
    result = self.build_and_run()
  File "/home/frappe/tejas/apps/frappe/frappe/model/db_query.py", line 227, in build_and_run
    args = self.prepare_args()
  File "/home/frappe/tejas/apps/frappe/frappe/model/db_query.py", line 269, in prepare_args
    self.build_conditions()
    ~~~~~~~~~~~~~~~~~~~~~^^
  File "/home/frappe/tejas/apps/frappe/frappe/model/db_query.py", line 642, in build_conditions
    self.build_filter_conditions(self.filters, self.conditions)
    ~~~~~~~~~~~~~~~~~~~~~~~~~~~~^^^^^^^^^^^^^^^^^^^^^^^^^^^^^^^
  File "/home/frappe/tejas/apps/frappe/frappe/model/db_query.py", line 660, in build_filter_conditions
    conditions.append(self.prepare_filter_condition(f))
                      ~~~~~~~~~~~~~~~~~~~~~~~~~~~~~^^^
  File "/home/frappe/tejas/apps/frappe/frappe/model/db_query.py", line 776, in prepare_filter_condition
    additional_filters_config = get_additional_filters_from_hooks()
  File "/home/frappe/tejas/apps/frappe/frappe/boot.py", line 415, in get_additional_filters_from_hooks
    filter_hooks = frappe.get_hooks("filters_config")
  File "/home/frappe/tejas/apps/frappe/frappe/__init__.py", line 1625, in get_hooks
    hooks = _dict(_load_app_hooks())
                  ~~~~~~~~~~~~~~~^^
  File "/home/frappe/tejas/apps/frappe/frappe/utils/caching.py", line 59, in wrapper
    return_val = func(*args, **kwargs)
  File "/home/frappe/tejas/apps/frappe/frappe/__init__.py", line 1594, in _load_app_hooks
    app_hooks = get_module(f"{app}.hooks")
  File "/home/frappe/tejas/apps/frappe/frappe/__init__.py", line 1460, in get_module
    return importlib.import_module(modulename)
           ~~~~~~~~~~~~~~~~~~~~~~~^^^^^^^^^^^^
  File "/home/frappe/.local/share/uv/python/cpython-3.14.3-linux-x86_64-gnu/lib/python3.14/importlib/__init__.py", line 88, in import_module
    return _bootstrap._gcd_import(name[level:], package, level)
           ~~~~~~~~~~~~~~~~~~~~~~^^^^^^^^^^^^^^^^^^^^^^^^^^^^^^
  File "<frozen importlib._bootstrap>", line 1398, in _gcd_import
  File "<frozen importlib._bootstrap>", line 1371, in _find_and_load
  File "<frozen importlib._bootstrap>", line 1314, in _find_and_load_unlocked
  File "<frozen importlib._bootstrap>", line 491, in _call_with_frames_removed
  File "<frozen importlib._bootstrap>", line 1398, in _gcd_import
  File "<frozen importlib._bootstrap>", line 1371, in _find_and_load
  File "<frozen importlib._bootstrap>", line 1335, in _find_and_load_unlocked
ModuleNotFoundError: No module named 'currencyinfo'
